◇ injected env (38) from .env // tip: ⌁ auth for agents [www.vestauth.com]
[globalSetup] Logging in as: admin
[globalSetup] State saved for: admin
[globalSetup] Display name saved for admin: Playwright Automation
[globalSetup] Logging in as: restricted
[globalSetup] State saved for: restricted
[globalSetup] Display name saved for restricted: User 1

Running 105 tests using 4 workers

◇ injected env (0) from .env // tip: ⌘ suppress logs { quiet: true }
◇ injected env (0) from .env // tip: ⌁ auth for agents [www.vestauth.com]
◇ injected env (0) from .env // tip: ⌘ override existing { override: true }
◇ injected env (0) from .env // tip: ⌁ auth for agents [www.vestauth.com]
[33m[2026-06-16T05:34:02.462Z] [WARN][0m No storage state found for role: restricted. Logging in fresh.
[36m[2026-06-16T05:34:02.463Z] [INFO][0m Logging in as role: restricted
[33m[2026-06-16T05:34:02.468Z] [WARN][0m No storage state found for role: admin. Logging in fresh.
[36m[2026-06-16T05:34:02.469Z] [INFO][0m Logging in as role: admin
[33m[2026-06-16T05:34:02.518Z] [WARN][0m No storage state found for role: restricted. Logging in fresh.
[36m[2026-06-16T05:34:02.519Z] [INFO][0m Logging in as role: restricted
[36m[2026-06-16T05:34:02.530Z] [INFO][0m Navigation attempt 1 to: https://app-qa.sling-dev.com
[36m[2026-06-16T05:34:02.541Z] [INFO][0m Navigation attempt 1 to: https://app-qa.sling-dev.com
[36m[2026-06-16T05:34:02.585Z] [INFO][0m Navigation attempt 1 to: https://app-qa.sling-dev.com
[33m[2026-06-16T05:34:02.629Z] [WARN][0m No storage state found for role: restricted. Logging in fresh.
[36m[2026-06-16T05:34:02.630Z] [INFO][0m Logging in as role: restricted
[36m[2026-06-16T05:34:02.647Z] [INFO][0m Application responded successfully
[36m[2026-06-16T05:34:02.665Z] [INFO][0m Application responded successfully
[36m[2026-06-16T05:34:02.675Z] [INFO][0m Navigation attempt 1 to: https://app-qa.sling-dev.com
[36m[2026-06-16T05:34:02.697Z] [INFO][0m Application responded successfully
[36m[2026-06-16T05:34:02.821Z] [INFO][0m Application responded successfully
[36m[2026-06-16T05:34:10.377Z] [INFO][0m DOM content loaded
[36m[2026-06-16T05:34:10.468Z] [INFO][0m Login page loaded successfully
[36m[2026-06-16T05:34:10.468Z] [INFO][0m Entering user credentials
[36m[2026-06-16T05:34:10.523Z] [INFO][0m Waiting for login button
[36m[2026-06-16T05:34:10.533Z] [INFO][0m Clicking login button
[36m[2026-06-16T05:34:10.598Z] [INFO][0m Waiting for successful login redirect
[36m[2026-06-16T05:34:10.769Z] [INFO][0m DOM content loaded
[36m[2026-06-16T05:34:10.872Z] [INFO][0m Login page loaded successfully
[36m[2026-06-16T05:34:10.872Z] [INFO][0m Entering user credentials
[36m[2026-06-16T05:34:10.931Z] [INFO][0m DOM content loaded
[36m[2026-06-16T05:34:10.940Z] [INFO][0m Waiting for login button
[36m[2026-06-16T05:34:10.948Z] [INFO][0m Clicking login button
[36m[2026-06-16T05:34:11.014Z] [INFO][0m Waiting for successful login redirect
[36m[2026-06-16T05:34:11.040Z] [INFO][0m Login successful for role: restricted
[36m[2026-06-16T05:34:11.049Z] [INFO][0m Login page loaded successfully
[36m[2026-06-16T05:34:11.049Z] [INFO][0m Entering user credentials
[36m[2026-06-16T05:34:11.112Z] [INFO][0m Storage state saved: /home/akash/kylas-playwright-framework/src/auth/storageStates/restricted.json
[36m[2026-06-16T05:34:11.127Z] [INFO][0m Waiting for login button
[36m[2026-06-16T05:34:11.132Z] [INFO][0m Clicking login button
[36m[2026-06-16T05:34:11.199Z] [INFO][0m Waiting for successful login redirect
[36m[2026-06-16T05:34:11.248Z] [INFO][0m Creating authenticated browser context for role: restricted
[36m[2026-06-16T05:34:11.333Z] [INFO][0m DOM content loaded
[36m[2026-06-16T05:34:11.441Z] [INFO][0m Login page loaded successfully
[36m[2026-06-16T05:34:11.441Z] [INFO][0m Entering user credentials
[36m[2026-06-16T05:34:11.514Z] [INFO][0m Login successful for role: restricted
[36m[2026-06-16T05:34:11.518Z] [INFO][0m Waiting for login button
[36m[2026-06-16T05:34:11.522Z] [INFO][0m Clicking login button
[36m[2026-06-16T05:34:11.583Z] [INFO][0m Storage state saved: /home/akash/kylas-playwright-framework/src/auth/storageStates/restricted.json
[36m[2026-06-16T05:34:11.599Z] [INFO][0m Waiting for successful login redirect
[36m[2026-06-16T05:34:11.660Z] [INFO][0m Creating authenticated browser context for role: restricted
[36m[2026-06-16T05:34:11.686Z] [INFO][0m Login successful for role: admin
[36m[2026-06-16T05:34:11.751Z] [INFO][0m Storage state saved: /home/akash/kylas-playwright-framework/src/auth/storageStates/admin.json
[36m[2026-06-16T05:34:11.833Z] [INFO][0m Creating authenticated browser context for role: admin
[36m[2026-06-16T05:34:12.013Z] [INFO][0m Login successful for role: restricted
[36m[2026-06-16T05:34:12.119Z] [INFO][0m Storage state saved: /home/akash/kylas-playwright-framework/src/auth/storageStates/restricted.json
[36m[2026-06-16T05:34:12.210Z] [INFO][0m Creating authenticated browser context for role: restricted
[36m[2026-06-16T05:34:18.600Z] [INFO][0m Navigating to Companies List
[36m[2026-06-16T05:34:18.639Z] [INFO][0m Navigating to: https://app-qa.sling-dev.com/sales/companies/list
[36m[2026-06-16T05:34:19.047Z] [INFO][0m Waiting for URL: /companies\/list/
[32m[2026-06-16T05:34:20.171Z] [SUCCESS][0m On Companies List page
[36m[2026-06-16T05:34:20.171Z] [INFO][0m Clicking Add Company
[36m[2026-06-16T05:34:20.171Z] [INFO][0m Clicking: add company button
[36m[2026-06-16T05:34:22.378Z] [INFO][0m Existing storage state found for role: restricted
[36m[2026-06-16T05:34:22.481Z] [INFO][0m Validating existing session
[32m[2026-06-16T05:34:23.180Z] [SUCCESS][0m Company form opened
[36m[2026-06-16T05:34:23.180Z] [INFO][0m Filling company form
[36m[2026-06-16T05:34:23.187Z] [INFO][0m Filling company name with: Hermann-Braun - Mayert-1781588058599
[36m[2026-06-16T05:34:23.240Z] [INFO][0m Selecting number of employees: 100-249
[32m[2026-06-16T05:34:23.881Z] [SUCCESS][0m Selected number of employees: 100-249
[36m[2026-06-16T05:34:23.881Z] [INFO][0m Selecting industry: Architecture & Planning
[36m[2026-06-16T05:34:24.104Z] [INFO][0m Navigating to Companies List
[36m[2026-06-16T05:34:24.117Z] [INFO][0m Navigating to: https://app-qa.sling-dev.com/sales/companies/list
[36m[2026-06-16T05:34:24.400Z] [INFO][0m Navigating to Companies List
[36m[2026-06-16T05:34:24.418Z] [INFO][0m Navigating to: https://app-qa.sling-dev.com/sales/companies/list
[36m[2026-06-16T05:34:24.543Z] [INFO][0m Waiting for URL: /companies\/list/
[36m[2026-06-16T05:34:24.882Z] [INFO][0m Waiting for URL: /companies\/list/
[32m[2026-06-16T05:34:25.430Z] [SUCCESS][0m On Companies List page
[36m[2026-06-16T05:34:25.430Z] [INFO][0m Asserting URL: /companies\/list/
  ✓    3 [chromium] › tests/rbac/companies.rbac.spec.ts:9:7 › Companies RBAC › @smoke @regression restricted user can navigate to companies list (23.0s)
[36m[2026-06-16T05:34:25.587Z] [INFO][0m Session cache hit for role: restricted (age: 14s) — skipping validation
[36m[2026-06-16T05:34:25.587Z] [INFO][0m Creating authenticated browser context for role: restricted
[32m[2026-06-16T05:34:25.789Z] [SUCCESS][0m Selected industry: Architecture & Planning
[36m[2026-06-16T05:34:25.789Z] [INFO][0m Selecting business type: Prospect
[32m[2026-06-16T05:34:25.840Z] [SUCCESS][0m On Companies List page
[36m[2026-06-16T05:34:25.840Z] [INFO][0m Clicking Add Company
[36m[2026-06-16T05:34:25.841Z] [INFO][0m Clicking: add company button
[32m[2026-06-16T05:34:26.363Z] [SUCCESS][0m Selected business type: Prospect
[36m[2026-06-16T05:34:26.364Z] [INFO][0m Filling annual revenue with: 5732015
[36m[2026-06-16T05:34:26.396Z] [INFO][0m Session validation URL: https://app-qa.sling-dev.com/sales/home
[36m[2026-06-16T05:34:26.399Z] [INFO][0m Filling website with: https://www.hermannbraunmayert1781588058599.com
[36m[2026-06-16T05:34:26.453Z] [INFO][0m Filling unique text 1 with: vulgo_1781588058599
[36m[2026-06-16T05:34:26.495Z] [INFO][0m Filling unique text 2 with: vindico_1781588058600
[36m[2026-06-16T05:34:26.510Z] [INFO][0m Session is still valid for role: restricted
[36m[2026-06-16T05:34:26.510Z] [INFO][0m Creating authenticated browser context for role: restricted
[36m[2026-06-16T05:34:26.556Z] [INFO][0m Clicking: add email button
[36m[2026-06-16T05:34:26.651Z] [INFO][0m Filling email with: Della81@hotmail.com
[36m[2026-06-16T05:34:26.712Z] [INFO][0m Clicking: add phone button
[36m[2026-06-16T05:34:26.842Z] [INFO][0m Filling phone with: 8888639169
[36m[2026-06-16T05:34:26.896Z] [INFO][0m Filling address with: 2894 Dach Ports
[36m[2026-06-16T05:34:26.951Z] [INFO][0m Filling city with: Fort Shelia
[36m[2026-06-16T05:34:27.006Z] [INFO][0m Filling state with: New Hampshire
[36m[2026-06-16T05:34:27.047Z] [INFO][0m Filling zipcode with: 37100
[36m[2026-06-16T05:34:27.091Z] [INFO][0m Filling facebook with: https://facebook.com/hermannbraunmayert1781588058599
[36m[2026-06-16T05:34:27.144Z] [INFO][0m Filling twitter with: https://twitter.com/hermannbraunmayert1781588058599
[36m[2026-06-16T05:34:27.180Z] [INFO][0m Filling linkedin with: https://linkedin.com/company/hermannbraunmayert1781588058599
[32m[2026-06-16T05:34:27.226Z] [SUCCESS][0m Company form filled
[36m[2026-06-16T05:34:27.227Z] [INFO][0m Saving company
[36m[2026-06-16T05:34:27.298Z] [INFO][0m Clicking: save button
[36m[2026-06-16T05:34:27.415Z] [INFO][0m Checking for validation errors in company create form
[32m[2026-06-16T05:34:27.710Z] [SUCCESS][0m Captured company ID: 261136
[32m[2026-06-16T05:34:28.955Z] [SUCCESS][0m No validation errors found in company create form
[36m[2026-06-16T05:34:28.955Z] [INFO][0m Waiting for URL: /companies\/list/
[32m[2026-06-16T05:34:29.003Z] [SUCCESS][0m Company saved successfully
[36m[2026-06-16T05:34:29.003Z] [INFO][0m Validating company via ID: 261136
[36m[2026-06-16T05:34:29.003Z] [INFO][0m Navigating to: https://app-qa.sling-dev.com/sales/companies/details/261136
[36m[2026-06-16T05:34:29.261Z] [INFO][0m Asserting URL: /companies\/details\/261136/
[32m[2026-06-16T05:34:29.297Z] [SUCCESS][0m Company verified: Hermann-Braun - Mayert-1781588058599
[32m[2026-06-16T05:34:29.385Z] [SUCCESS][0m Company form opened
[36m[2026-06-16T05:34:29.385Z] [INFO][0m Filling company form
[36m[2026-06-16T05:34:29.390Z] [INFO][0m Filling company name with: Friesen Group-1781588064398
[36m[2026-06-16T05:34:29.439Z] [INFO][0m Selecting number of employees: 5-9
  ✓    4 [chromium] › tests/rbac/companies.rbac.spec.ts:19:7 › Companies RBAC › @regression restricted user can create a company (26.9s)
[36m[2026-06-16T05:34:29.587Z] [INFO][0m Session cache hit for role: restricted (age: 18s) — skipping validation
[36m[2026-06-16T05:34:29.587Z] [INFO][0m Creating authenticated browser context for role: restricted
[32m[2026-06-16T05:34:29.793Z] [SUCCESS][0m Selected number of employees: 5-9
[36m[2026-06-16T05:34:29.793Z] [INFO][0m Selecting industry: Animation
[32m[2026-06-16T05:34:30.791Z] [SUCCESS][0m Selected industry: Animation
[36m[2026-06-16T05:34:30.791Z] [INFO][0m Selecting business type: Other
[32m[2026-06-16T05:34:31.270Z] [SUCCESS][0m Selected business type: Other
[36m[2026-06-16T05:34:31.270Z] [INFO][0m Filling annual revenue with: 8565523
[36m[2026-06-16T05:34:31.299Z] [INFO][0m Filling website with: https://www.friesengroup1781588064398.com
[36m[2026-06-16T05:34:31.342Z] [INFO][0m Filling unique text 1 with: soluta_1781588064399
[36m[2026-06-16T05:34:31.389Z] [INFO][0m Filling unique text 2 with: quasi_1781588064400
[36m[2026-06-16T05:34:31.436Z] [INFO][0m Clicking: add email button
[36m[2026-06-16T05:34:31.571Z] [INFO][0m Filling email with: Luisa_Roob@gmail.com
[36m[2026-06-16T05:34:31.645Z] [INFO][0m Clicking: add phone button
[36m[2026-06-16T05:34:31.802Z] [INFO][0m Filling phone with: 8152058368
[36m[2026-06-16T05:34:31.881Z] [INFO][0m Filling address with: 5323 Cassin Union
[36m[2026-06-16T05:34:31.965Z] [INFO][0m Filling city with: West Shawna
[36m[2026-06-16T05:34:32.046Z] [INFO][0m Filling state with: Minnesota
[36m[2026-06-16T05:34:32.111Z] [INFO][0m Filling zipcode with: 56988
[36m[2026-06-16T05:34:32.197Z] [INFO][0m Filling facebook with: https://facebook.com/friesengroup1781588064398
[36m[2026-06-16T05:34:32.255Z] [INFO][0m Filling twitter with: https://twitter.com/friesengroup1781588064398
[36m[2026-06-16T05:34:32.307Z] [INFO][0m Filling linkedin with: https://linkedin.com/company/friesengroup1781588064398
[32m[2026-06-16T05:34:32.356Z] [SUCCESS][0m Company form filled
[36m[2026-06-16T05:34:32.356Z] [INFO][0m Saving company
[36m[2026-06-16T05:34:32.430Z] [INFO][0m Clicking: save button
[36m[2026-06-16T05:34:32.539Z] [INFO][0m Checking for validation errors in company create form
[36m[2026-06-16T05:34:32.719Z] [INFO][0m Navigating to Contacts List
[36m[2026-06-16T05:34:32.728Z] [INFO][0m Navigating to: https://app-qa.sling-dev.com/sales/contacts/list
[32m[2026-06-16T05:34:32.731Z] [SUCCESS][0m Captured company ID: 261137
[36m[2026-06-16T05:34:33.231Z] [INFO][0m Waiting for URL: /contacts\/list/
[32m[2026-06-16T05:34:34.083Z] [SUCCESS][0m No validation errors found in company create form
[36m[2026-06-16T05:34:34.083Z] [INFO][0m Waiting for URL: /companies\/list/
[32m[2026-06-16T05:34:34.169Z] [SUCCESS][0m Company saved successfully
[36m[2026-06-16T05:34:34.170Z] [INFO][0m Opening company: Friesen Group-1781588064398
[36m[2026-06-16T05:34:34.170Z] [INFO][0m Search attempt 1/5
[36m[2026-06-16T05:34:34.170Z] [INFO][0m Navigating to Companies List
[36m[2026-06-16T05:34:34.174Z] [INFO][0m Navigating to: https://app-qa.sling-dev.com/sales/companies/list
[36m[2026-06-16T05:34:34.489Z] [INFO][0m Waiting for URL: /companies\/list/
[32m[2026-06-16T05:34:34.734Z] [SUCCESS][0m On Contacts List page
[36m[2026-06-16T05:34:34.734Z] [INFO][0m Asserting URL: /contacts\/list/
  ✓    5 [chromium] › tests/rbac/contacts.rbac.spec.ts:9:7 › Contacts RBAC › @smoke @regression restricted user can navigate to contacts list (9.4s)
[36m[2026-06-16T05:34:34.959Z] [INFO][0m Session cache hit for role: restricted (age: 23s) — skipping validation
[36m[2026-06-16T05:34:34.960Z] [INFO][0m Creating authenticated browser context for role: restricted
[32m[2026-06-16T05:34:35.456Z] [SUCCESS][0m On Companies List page
[36m[2026-06-16T05:34:35.457Z] [INFO][0m Searching company: Friesen Group-1781588064398
[36m[2026-06-16T05:34:35.457Z] [INFO][0m Filling search input with: Friesen Group-1781588064398
[36m[2026-06-16T05:34:35.585Z] [INFO][0m Clicking: search icon
[32m[2026-06-16T05:34:36.224Z] [SUCCESS][0m Company found
[32m[2026-06-16T05:34:36.459Z] [SUCCESS][0m Company opened: Friesen Group-1781588064398
[36m[2026-06-16T05:34:36.459Z] [INFO][0m Opening edit modal
[36m[2026-06-16T05:34:36.459Z] [INFO][0m Clicking: edit icon
[36m[2026-06-16T05:34:37.315Z] [INFO][0m Navigating to Companies List
[36m[2026-06-16T05:34:37.334Z] [INFO][0m Navigating to: https://app-qa.sling-dev.com/sales/companies/list
[32m[2026-06-16T05:34:38.051Z] [SUCCESS][0m Edit modal opened
[36m[2026-06-16T05:34:38.051Z] [INFO][0m Updating company form
[36m[2026-06-16T05:34:38.051Z] [INFO][0m Filling company name with: Roob, Hermann and Jaskolski-1781588074169
[32m[2026-06-16T05:34:38.360Z] [SUCCESS][0m Edit form updated
[36m[2026-06-16T05:34:38.360Z] [INFO][0m Saving updated company
[36m[2026-06-16T05:34:38.360Z] [INFO][0m Clicking: save button
[36m[2026-06-16T05:34:38.408Z] [INFO][0m Waiting for URL: /companies\/list/
[36m[2026-06-16T05:34:38.573Z] [INFO][0m Checking for validation errors in company edit form
[36m[2026-06-16T05:34:39.023Z] [INFO][0m Navigating to Contacts List
[36m[2026-06-16T05:34:39.088Z] [INFO][0m Navigating to: https://app-qa.sling-dev.com/sales/contacts/list
[32m[2026-06-16T05:34:39.738Z] [SUCCESS][0m On Companies List page
[36m[2026-06-16T05:34:39.738Z] [INFO][0m Clicking Add Company
[36m[2026-06-16T05:34:39.739Z] [INFO][0m Clicking: add company button
[36m[2026-06-16T05:34:40.090Z] [INFO][0m Waiting for URL: /contacts\/list/
[32m[2026-06-16T05:34:40.144Z] [SUCCESS][0m No validation errors found in company edit form
[32m[2026-06-16T05:34:40.214Z] [SUCCESS][0m Company updated
[36m[2026-06-16T05:34:40.215Z] [INFO][0m Navigating to Companies List
[36m[2026-06-16T05:34:40.219Z] [INFO][0m Navigating to: https://app-qa.sling-dev.com/sales/companies/list
[36m[2026-06-16T05:34:40.624Z] [INFO][0m Waiting for URL: /companies\/list/
[32m[2026-06-16T05:34:41.626Z] [SUCCESS][0m On Companies List page
[36m[2026-06-16T05:34:41.626Z] [INFO][0m Validating company exists: Roob, Hermann and Jaskolski-1781588074169
[36m[2026-06-16T05:34:41.626Z] [INFO][0m Search attempt 1/5
[36m[2026-06-16T05:34:41.626Z] [INFO][0m Navigating to Companies List
[36m[2026-06-16T05:34:41.634Z] [INFO][0m Navigating to: https://app-qa.sling-dev.com/sales/companies/list
[36m[2026-06-16T05:34:41.997Z] [INFO][0m Waiting for URL: /companies\/list/
[32m[2026-06-16T05:34:42.042Z] [SUCCESS][0m On Contacts List page
[36m[2026-06-16T05:34:42.042Z] [INFO][0m Clicking Add Contact
[36m[2026-06-16T05:34:42.043Z] [INFO][0m Clicking: add contact button
[32m[2026-06-16T05:34:42.767Z] [SUCCESS][0m Company form opened
[36m[2026-06-16T05:34:42.767Z] [INFO][0m Filling company form
[36m[2026-06-16T05:34:42.784Z] [INFO][0m Filling company name with: ADM1781588077312 Corp
[36m[2026-06-16T05:34:42.916Z] [INFO][0m Selecting number of employees: 100-249
[36m[2026-06-16T05:34:43.120Z] [INFO][0m Navigating to Contacts List
[36m[2026-06-16T05:34:43.133Z] [INFO][0m Navigating to: https://app-qa.sling-dev.com/sales/contacts/list
[32m[2026-06-16T05:34:43.300Z] [SUCCESS][0m Contact form opened
[36m[2026-06-16T05:34:43.300Z] [INFO][0m Filling contact form
[36m[2026-06-16T05:34:43.316Z] [INFO][0m Disabling Show Required & Important Fields
[32m[2026-06-16T05:34:43.436Z] [SUCCESS][0m On Companies List page
[36m[2026-06-16T05:34:43.436Z] [INFO][0m Searching company: Roob, Hermann and Jaskolski-1781588074169
[36m[2026-06-16T05:34:43.436Z] [INFO][0m Filling search input with: Roob, Hermann and Jaskolski-1781588074169
[36m[2026-06-16T05:34:43.482Z] [INFO][0m Clicking: search icon
[32m[2026-06-16T05:34:43.842Z] [SUCCESS][0m Selected number of employees: 100-249
[36m[2026-06-16T05:34:43.842Z] [INFO][0m Selecting industry: Accounting
[36m[2026-06-16T05:34:43.917Z] [INFO][0m Waiting for URL: /contacts\/list/
[32m[2026-06-16T05:34:44.003Z] [SUCCESS][0m Toggle disabled
[36m[2026-06-16T05:34:44.004Z] [INFO][0m Filling first name with: Simone
[32m[2026-06-16T05:34:44.092Z] [SUCCESS][0m Company found
[32m[2026-06-16T05:34:44.093Z] [SUCCESS][0m Company exists: Roob, Hermann and Jaskolski-1781588074169
[36m[2026-06-16T05:34:44.338Z] [INFO][0m Filling last name with: Herzog
  ✓    1 [chromium] › tests/rbac/companies.rbac.spec.ts:38:7 › Companies RBAC › @regression restricted user can edit own company (42.0s)
[36m[2026-06-16T05:34:44.527Z] [INFO][0m Existing storage state found for role: admin
[36m[2026-06-16T05:34:44.639Z] [INFO][0m Validating existing session
[36m[2026-06-16T05:34:44.653Z] [INFO][0m Clicking: add email button
[36m[2026-06-16T05:34:44.885Z] [INFO][0m Filling email with: Simone_Herzog4@yahoo.com
[32m[2026-06-16T05:34:44.990Z] [SUCCESS][0m Selected industry: Accounting
[36m[2026-06-16T05:34:44.990Z] [INFO][0m Selecting business type: Prospect
[36m[2026-06-16T05:34:45.038Z] [INFO][0m Clicking: add phone button
[36m[2026-06-16T05:34:45.275Z] [INFO][0m Filling phone with: 6465858765
[36m[2026-06-16T05:34:45.375Z] [INFO][0m Filling address with: 65362 West Street
[36m[2026-06-16T05:34:45.563Z] [INFO][0m Filling city with: Emmaburgh
[32m[2026-06-16T05:34:45.640Z] [SUCCESS][0m Selected business type: Prospect
[36m[2026-06-16T05:34:45.641Z] [INFO][0m Filling annual revenue with: 1584914
[36m[2026-06-16T05:34:45.721Z] [INFO][0m Filling state with: Tennessee
[36m[2026-06-16T05:34:45.736Z] [INFO][0m Filling website with: https://www.adm1781588077312corp.com
[36m[2026-06-16T05:34:45.796Z] [INFO][0m Filling unique text 1 with: tenuis_1781588077313
[32m[2026-06-16T05:34:45.796Z] [SUCCESS][0m On Contacts List page
[36m[2026-06-16T05:34:45.797Z] [INFO][0m Clicking Add Contact
[36m[2026-06-16T05:34:45.798Z] [INFO][0m Clicking: add contact button
[36m[2026-06-16T05:34:45.819Z] [INFO][0m Filling zipcode with: 69052
[36m[2026-06-16T05:34:45.878Z] [INFO][0m Filling unique text 2 with: quod_1781588077314
[36m[2026-06-16T05:34:45.904Z] [INFO][0m Filling facebook with: https://facebook.com/simone.herzog
[36m[2026-06-16T05:34:45.964Z] [INFO][0m Clicking: add email button
[36m[2026-06-16T05:34:46.002Z] [INFO][0m Filling twitter with: https://twitter.com/simone.herzog
[36m[2026-06-16T05:34:46.098Z] [INFO][0m Filling linkedin with: https://linkedin.com/in/simone.herzog
[36m[2026-06-16T05:34:46.139Z] [INFO][0m Filling email with: adm1781588077312@testkylas.com
[36m[2026-06-16T05:34:46.203Z] [INFO][0m Filling department with: Kids
[36m[2026-06-16T05:34:46.243Z] [INFO][0m Clicking: add phone button
[36m[2026-06-16T05:34:46.303Z] [INFO][0m Filling designation with: Product Accountability Officer
[36m[2026-06-16T05:34:46.451Z] [INFO][0m Filling phone with: 8223488442
[36m[2026-06-16T05:34:46.462Z] [INFO][0m Filling sub source with: paid
[36m[2026-06-16T05:34:46.547Z] [INFO][0m Filling address with: 8515 Manor Way
[36m[2026-06-16T05:34:46.565Z] [INFO][0m Filling utm source with: google
[36m[2026-06-16T05:34:46.623Z] [INFO][0m Filling city with: Rustychester
[36m[2026-06-16T05:34:46.671Z] [INFO][0m Filling utm campaign with: canis-voluptates
[36m[2026-06-16T05:34:46.711Z] [INFO][0m Filling state with: Georgia
[32m[2026-06-16T05:34:46.732Z] [SUCCESS][0m Contact form opened
[36m[2026-06-16T05:34:46.732Z] [INFO][0m Filling contact form
[36m[2026-06-16T05:34:46.757Z] [INFO][0m Filling utm medium with: email
[36m[2026-06-16T05:34:46.771Z] [INFO][0m Disabling Show Required & Important Fields
[36m[2026-06-16T05:34:46.806Z] [INFO][0m Filling zipcode with: 16049
[36m[2026-06-16T05:34:46.870Z] [INFO][0m Filling utm content with: rerum-demoror
[36m[2026-06-16T05:34:46.908Z] [INFO][0m Filling facebook with: https://facebook.com/adm1781588077312corp
[36m[2026-06-16T05:34:46.949Z] [INFO][0m Filling utm term with: cognatus
[36m[2026-06-16T05:34:46.997Z] [INFO][0m Filling twitter with: https://twitter.com/adm1781588077312corp
[32m[2026-06-16T05:34:47.056Z] [SUCCESS][0m Contact form filled
[36m[2026-06-16T05:34:47.056Z] [INFO][0m Saving contact
[36m[2026-06-16T05:34:47.059Z] [INFO][0m Clicking: save button
[36m[2026-06-16T05:34:47.090Z] [INFO][0m Filling linkedin with: https://linkedin.com/company/adm1781588077312corp
[32m[2026-06-16T05:34:47.183Z] [SUCCESS][0m Company form filled
[36m[2026-06-16T05:34:47.183Z] [INFO][0m Saving company
[36m[2026-06-16T05:34:47.245Z] [INFO][0m Clicking: save button
[36m[2026-06-16T05:34:47.286Z] [INFO][0m Checking for validation errors in contact create form
[36m[2026-06-16T05:34:47.365Z] [INFO][0m Checking for validation errors in company create form
[32m[2026-06-16T05:34:47.467Z] [SUCCESS][0m Toggle disabled
[36m[2026-06-16T05:34:47.467Z] [INFO][0m Filling first name with: Deborah
[32m[2026-06-16T05:34:47.550Z] [SUCCESS][0m Captured company ID: 261138
[32m[2026-06-16T05:34:47.604Z] [SUCCESS][0m Captured contact ID: 449690
[36m[2026-06-16T05:34:47.815Z] [INFO][0m Filling last name with: Hansen
[36m[2026-06-16T05:34:47.958Z] [INFO][0m Clicking: add email button
[36m[2026-06-16T05:34:48.206Z] [INFO][0m Filling email with: Deborah.Hansen90@hotmail.com
[36m[2026-06-16T05:34:48.502Z] [INFO][0m Clicking: add phone button
[36m[2026-06-16T05:34:48.562Z] [INFO][0m Session validation URL: https://app-qa.sling-dev.com/sales/home
[36m[2026-06-16T05:34:48.700Z] [INFO][0m Filling phone with: 8336318381
[36m[2026-06-16T05:34:48.757Z] [INFO][0m Session is still valid for role: admin
[36m[2026-06-16T05:34:48.757Z] [INFO][0m Creating authenticated browser context for role: admin
[32m[2026-06-16T05:34:48.835Z] [SUCCESS][0m No validation errors found in contact create form
[36m[2026-06-16T05:34:48.835Z] [INFO][0m Waiting for URL: /contacts\/list/
[36m[2026-06-16T05:34:48.846Z] [INFO][0m Filling address with: 2509 Ewald Manors
[32m[2026-06-16T05:34:48.908Z] [SUCCESS][0m No validation errors found in company create form
[36m[2026-06-16T05:34:48.908Z] [INFO][0m Waiting for URL: /companies\/list/
[32m[2026-06-16T05:34:48.965Z] [SUCCESS][0m Contact saved successfully
[36m[2026-06-16T05:34:48.965Z] [INFO][0m Validating contact via ID: 449690
[36m[2026-06-16T05:34:48.965Z] [INFO][0m Navigating to: https://app-qa.sling-dev.com/sales/contacts/details/449690
[36m[2026-06-16T05:34:48.986Z] [INFO][0m Filling city with: Lake Camilastad
[32m[2026-06-16T05:34:49.023Z] [SUCCESS][0m Company saved successfully
[36m[2026-06-16T05:34:49.024Z] [INFO][0m Navigating to Companies List
[36m[2026-06-16T05:34:49.029Z] [INFO][0m Navigating to: https://app-qa.sling-dev.com/sales/companies/list
[36m[2026-06-16T05:34:49.063Z] [INFO][0m Filling state with: West Virginia
[36m[2026-06-16T05:34:49.154Z] [INFO][0m Filling zipcode with: 32831
[36m[2026-06-16T05:34:49.236Z] [INFO][0m Filling facebook with: https://facebook.com/deborah.hansen
[36m[2026-06-16T05:34:49.337Z] [INFO][0m Filling twitter with: https://twitter.com/deborah.hansen
[36m[2026-06-16T05:34:49.356Z] [INFO][0m Asserting URL: /contacts\/details\/449690/
[32m[2026-06-16T05:34:49.410Z] [SUCCESS][0m Contact verified: Simone
[36m[2026-06-16T05:34:49.440Z] [INFO][0m Filling linkedin with: https://linkedin.com/in/deborah.hansen
  ✓    6 [chromium] › tests/rbac/contacts.rbac.spec.ts:19:7 › Contacts RBAC › @regression restricted user can create a contact (19.9s)
[36m[2026-06-16T05:34:49.527Z] [INFO][0m Filling department with: Books
[36m[2026-06-16T05:34:49.547Z] [INFO][0m Session cache hit for role: restricted (age: 38s) — skipping validation
[36m[2026-06-16T05:34:49.547Z] [INFO][0m Creating authenticated browser context for role: restricted
[36m[2026-06-16T05:34:49.603Z] [INFO][0m Filling designation with: Corporate Intranet Manager
[36m[2026-06-16T05:34:49.642Z] [INFO][0m Waiting for URL: /companies\/list/
[36m[2026-06-16T05:34:49.762Z] [INFO][0m Filling sub source with: referral
[36m[2026-06-16T05:34:49.855Z] [INFO][0m Filling utm source with: email
[36m[2026-06-16T05:34:49.947Z] [INFO][0m Filling utm campaign with: autus-averto
[36m[2026-06-16T05:34:50.042Z] [INFO][0m Filling utm medium with: banner
[36m[2026-06-16T05:34:50.157Z] [INFO][0m Filling utm content with: aureus-ambitus
[36m[2026-06-16T05:34:50.265Z] [INFO][0m Filling utm term with: cras
[32m[2026-06-16T05:34:50.346Z] [SUCCESS][0m Contact form filled
[36m[2026-06-16T05:34:50.346Z] [INFO][0m Saving contact
[36m[2026-06-16T05:34:50.349Z] [INFO][0m Clicking: save button
[36m[2026-06-16T05:34:50.516Z] [INFO][0m Checking for validation errors in contact create form
[32m[2026-06-16T05:34:50.776Z] [SUCCESS][0m Captured contact ID: 449691
[32m[2026-06-16T05:34:51.224Z] [SUCCESS][0m On Companies List page
[36m[2026-06-16T05:34:51.224Z] [INFO][0m Validating company absent: ADM1781588077312 Corp
[36m[2026-06-16T05:34:51.224Z] [INFO][0m Navigating to Companies List
[36m[2026-06-16T05:34:51.233Z] [INFO][0m Navigating to: https://app-qa.sling-dev.com/sales/companies/list
[36m[2026-06-16T05:34:51.442Z] [INFO][0m Waiting for URL: /companies\/list/
[32m[2026-06-16T05:34:52.074Z] [SUCCESS][0m No validation errors found in contact create form
[36m[2026-06-16T05:34:52.074Z] [INFO][0m Waiting for URL: /contacts\/list/
[32m[2026-06-16T05:34:52.146Z] [SUCCESS][0m Contact saved successfully
[36m[2026-06-16T05:34:52.147Z] [INFO][0m Opening contact: Deborah
[36m[2026-06-16T05:34:52.147Z] [INFO][0m Search attempt 1/5
[36m[2026-06-16T05:34:52.147Z] [INFO][0m Navigating to Contacts List
[36m[2026-06-16T05:34:52.152Z] [INFO][0m Navigating to: https://app-qa.sling-dev.com/sales/contacts/list
[36m[2026-06-16T05:34:52.417Z] [INFO][0m Waiting for URL: /contacts\/list/
[32m[2026-06-16T05:34:52.560Z] [SUCCESS][0m On Companies List page
[36m[2026-06-16T05:34:52.560Z] [INFO][0m Searching company: ADM1781588077312 Corp
[36m[2026-06-16T05:34:52.560Z] [INFO][0m Filling search input with: ADM1781588077312 Corp
[36m[2026-06-16T05:34:52.643Z] [INFO][0m Clicking: search icon
[32m[2026-06-16T05:34:53.179Z] [SUCCESS][0m Company absent confirmed: ADM1781588077312 Corp
  ✓    2 [chromium] › tests/rbac/companies.rbac.spec.ts:56:7 › Companies RBAC › @regression restricted user cannot see an admin-owned company (51.3s)
[36m[2026-06-16T05:34:53.801Z] [INFO][0m Session cache hit for role: restricted (age: 27s) — skipping validation
[36m[2026-06-16T05:34:53.801Z] [INFO][0m Creating authenticated browser context for role: restricted
[32m[2026-06-16T05:34:53.951Z] [SUCCESS][0m On Contacts List page
[36m[2026-06-16T05:34:53.951Z] [INFO][0m Searching contact: Deborah
[36m[2026-06-16T05:34:53.951Z] [INFO][0m Filling search input with: Deborah
[36m[2026-06-16T05:34:54.019Z] [INFO][0m Clicking: search icon
[32m[2026-06-16T05:34:54.425Z] [SUCCESS][0m Contact found
[32m[2026-06-16T05:34:54.778Z] [SUCCESS][0m Contact opened: Deborah
[36m[2026-06-16T05:34:54.778Z] [INFO][0m Opening edit modal
[36m[2026-06-16T05:34:54.778Z] [INFO][0m Clicking: edit icon
[36m[2026-06-16T05:34:55.264Z] [INFO][0m Session cache hit for role: restricted (age: 43s) — skipping validation
[36m[2026-06-16T05:34:55.264Z] [INFO][0m Creating authenticated browser context for role: restricted
[32m[2026-06-16T05:34:55.759Z] [SUCCESS][0m Edit modal opened
[36m[2026-06-16T05:34:55.759Z] [INFO][0m Updating contact form
[36m[2026-06-16T05:34:55.759Z] [INFO][0m Filling first name with: Erma
[36m[2026-06-16T05:34:56.016Z] [INFO][0m Filling last name with: Dickinson
[32m[2026-06-16T05:34:56.281Z] [SUCCESS][0m Edit form updated
[36m[2026-06-16T05:34:56.281Z] [INFO][0m Saving updated contact
[36m[2026-06-16T05:34:56.281Z] [INFO][0m Clicking: save button
[36m[2026-06-16T05:34:56.500Z] [INFO][0m Checking for validation errors in contact edit form
[36m[2026-06-16T05:34:58.063Z] [INFO][0m Navigating to Deals List
[36m[2026-06-16T05:34:58.098Z] [INFO][0m Navigating to: https://app-qa.sling-dev.com/sales/deals/list
[32m[2026-06-16T05:34:58.116Z] [SUCCESS][0m No validation errors found in contact edit form
[32m[2026-06-16T05:34:58.137Z] [SUCCESS][0m Contact updated
[36m[2026-06-16T05:34:58.137Z] [INFO][0m Navigating to Contacts List
[36m[2026-06-16T05:34:58.141Z] [INFO][0m Navigating to: https://app-qa.sling-dev.com/sales/contacts/list
[36m[2026-06-16T05:34:58.399Z] [INFO][0m Waiting for URL: /contacts\/list/
[36m[2026-06-16T05:34:58.731Z] [INFO][0m Waiting for URL: /deals\/list/
[32m[2026-06-16T05:34:59.330Z] [SUCCESS][0m On Contacts List page
[36m[2026-06-16T05:34:59.330Z] [INFO][0m Validating contact exists: Erma
[36m[2026-06-16T05:34:59.330Z] [INFO][0m Search attempt 1/5
[36m[2026-06-16T05:34:59.330Z] [INFO][0m Navigating to Contacts List
[36m[2026-06-16T05:34:59.340Z] [INFO][0m Navigating to: https://app-qa.sling-dev.com/sales/contacts/list
[36m[2026-06-16T05:34:59.790Z] [INFO][0m Waiting for URL: /contacts\/list/
[32m[2026-06-16T05:34:59.943Z] [SUCCESS][0m On Deals List page
[36m[2026-06-16T05:34:59.943Z] [INFO][0m Asserting URL: /deals\/list/
  ✓    9 [chromium] › tests/rbac/deals.rbac.spec.ts:12:7 › Deals RBAC › @smoke @regression restricted user can navigate to deals list (11.0s)
[36m[2026-06-16T05:35:00.574Z] [INFO][0m Session cache hit for role: restricted (age: 49s) — skipping validation
[36m[2026-06-16T05:35:00.574Z] [INFO][0m Creating authenticated browser context for role: restricted
[32m[2026-06-16T05:35:01.273Z] [SUCCESS][0m On Contacts List page
[36m[2026-06-16T05:35:01.273Z] [INFO][0m Searching contact: Erma
[36m[2026-06-16T05:35:01.273Z] [INFO][0m Filling search input with: Erma
[36m[2026-06-16T05:35:01.337Z] [INFO][0m Clicking: search icon
[32m[2026-06-16T05:35:01.742Z] [SUCCESS][0m Contact found
[32m[2026-06-16T05:35:01.743Z] [SUCCESS][0m Contact exists: Erma
  ✓    7 [chromium] › tests/rbac/contacts.rbac.spec.ts:35:7 › Contacts RBAC › @regression restricted user can edit own contact (26.9s)
[36m[2026-06-16T05:35:01.872Z] [INFO][0m Session cache hit for role: restricted (age: 50s) — skipping validation
[36m[2026-06-16T05:35:01.872Z] [INFO][0m Creating authenticated browser context for role: restricted
[36m[2026-06-16T05:35:03.367Z] [INFO][0m Navigating to Contacts List
[36m[2026-06-16T05:35:03.374Z] [INFO][0m Navigating to: https://app-qa.sling-dev.com/sales/contacts/list
[36m[2026-06-16T05:35:03.692Z] [INFO][0m Navigating to Deals List
[36m[2026-06-16T05:35:03.699Z] [INFO][0m Navigating to: https://app-qa.sling-dev.com/sales/deals/list
[36m[2026-06-16T05:35:03.899Z] [INFO][0m Waiting for URL: /contacts\/list/
[36m[2026-06-16T05:35:04.382Z] [INFO][0m Waiting for URL: /deals\/list/
[32m[2026-06-16T05:35:05.619Z] [SUCCESS][0m On Contacts List page
[36m[2026-06-16T05:35:05.620Z] [INFO][0m Clicking Add Contact
[36m[2026-06-16T05:35:05.620Z] [INFO][0m Clicking: add contact button
[32m[2026-06-16T05:35:06.154Z] [SUCCESS][0m On Deals List page
[36m[2026-06-16T05:35:06.154Z] [INFO][0m Clicking Add Deal
[36m[2026-06-16T05:35:06.154Z] [INFO][0m Clicking: add deal button
[32m[2026-06-16T05:35:06.207Z] [SUCCESS][0m Contact form opened
[36m[2026-06-16T05:35:06.208Z] [INFO][0m Filling contact form
[36m[2026-06-16T05:35:06.220Z] [INFO][0m Disabling Show Required & Important Fields
[32m[2026-06-16T05:35:06.431Z] [SUCCESS][0m Toggle disabled
[36m[2026-06-16T05:35:06.431Z] [INFO][0m Filling first name with: ADM1781588103367
[36m[2026-06-16T05:35:06.513Z] [INFO][0m Filling last name with: Crooks
[36m[2026-06-16T05:35:06.677Z] [INFO][0m Clicking: add email button
[36m[2026-06-16T05:35:06.902Z] [INFO][0m Filling email with: adm1781588103367@testkylas.com
[36m[2026-06-16T05:35:07.007Z] [INFO][0m Clicking: add phone button
[36m[2026-06-16T05:35:07.361Z] [INFO][0m Filling phone with: 6831791251
[36m[2026-06-16T05:35:07.606Z] [INFO][0m Filling address with: 5743 Richard Gardens
[36m[2026-06-16T05:35:07.728Z] [INFO][0m Filling city with: Janniestead
[36m[2026-06-16T05:35:07.842Z] [INFO][0m Filling state with: North Dakota
[36m[2026-06-16T05:35:07.930Z] [INFO][0m Filling zipcode with: 25029
[36m[2026-06-16T05:35:08.005Z] [INFO][0m Filling facebook with: https://facebook.com/adm1781588103367.crooks
[36m[2026-06-16T05:35:08.079Z] [INFO][0m Filling twitter with: https://twitter.com/adm1781588103367.crooks
[36m[2026-06-16T05:35:08.154Z] [INFO][0m Filling linkedin with: https://linkedin.com/in/adm1781588103367.crooks
[36m[2026-06-16T05:35:08.269Z] [INFO][0m Filling department with: Automotive
[36m[2026-06-16T05:35:08.378Z] [INFO][0m Filling designation with: Chief Intranet Administrator
[36m[2026-06-16T05:35:08.530Z] [INFO][0m Filling sub source with: organic
[36m[2026-06-16T05:35:08.672Z] [INFO][0m Filling utm source with: google
[36m[2026-06-16T05:35:08.805Z] [INFO][0m Filling utm campaign with: cervus-virtus
[36m[2026-06-16T05:35:08.894Z] [INFO][0m Filling utm medium with: cpc
[36m[2026-06-16T05:35:09.007Z] [INFO][0m Filling utm content with: aufero-eius
[32m[2026-06-16T05:35:09.032Z] [SUCCESS][0m Deal form opened
[36m[2026-06-16T05:35:09.032Z] [INFO][0m Filling deal form
[36m[2026-06-16T05:35:09.032Z] [INFO][0m Filling deal name with: Deal-Tasty Gold Bacon-U7x0
[36m[2026-06-16T05:35:09.137Z] [INFO][0m Filling utm term with: pariatur
[36m[2026-06-16T05:35:09.219Z] [INFO][0m Selecting date: Sun Jun 21 2026
[36m[2026-06-16T05:35:09.250Z] [INFO][0m Clicking: estimated closure date input
[32m[2026-06-16T05:35:09.259Z] [SUCCESS][0m Contact form filled
[36m[2026-06-16T05:35:09.259Z] [INFO][0m Saving contact
[36m[2026-06-16T05:35:09.262Z] [INFO][0m Clicking: save button
[36m[2026-06-16T05:35:09.514Z] [INFO][0m Checking for validation errors in contact create form
[32m[2026-06-16T05:35:09.790Z] [SUCCESS][0m Captured contact ID: 449692
[36m[2026-06-16T05:35:09.953Z] [INFO][0m Calendar opened
[32m[2026-06-16T05:35:10.070Z] [SUCCESS][0m Date selected: Sun Jun 21 2026
[36m[2026-06-16T05:35:10.071Z] [INFO][0m Selecting pipeline
[36m[2026-06-16T05:35:10.250Z] [INFO][0m Navigating to Deals List
[32m[2026-06-16T05:35:10.270Z] [SUCCESS][0m Pipeline selected
[36m[2026-06-16T05:35:10.271Z] [INFO][0m Selecting associated contact
[36m[2026-06-16T05:35:10.303Z] [INFO][0m Navigating to: https://app-qa.sling-dev.com/sales/deals/list
[36m[2026-06-16T05:35:10.653Z] [INFO][0m Existing storage state found for role: admin
[36m[2026-06-16T05:35:10.775Z] [INFO][0m Validating existing session
[32m[2026-06-16T05:35:10.904Z] [SUCCESS][0m associated contact selected: "Edna McKenzie" (index 4 of 25)
[36m[2026-06-16T05:35:10.904Z] [INFO][0m Selecting associated company
[36m[2026-06-16T05:35:11.033Z] [INFO][0m Waiting for URL: /deals\/list/
[32m[2026-06-16T05:35:11.074Z] [SUCCESS][0m No validation errors found in contact create form
[36m[2026-06-16T05:35:11.074Z] [INFO][0m Waiting for URL: /contacts\/list/
[32m[2026-06-16T05:35:11.146Z] [SUCCESS][0m Contact saved successfully
[36m[2026-06-16T05:35:11.147Z] [INFO][0m Navigating to Contacts List
[36m[2026-06-16T05:35:11.153Z] [INFO][0m Navigating to: https://app-qa.sling-dev.com/sales/contacts/list
[32m[2026-06-16T05:35:11.466Z] [SUCCESS][0m associated company selected: "Roob, Stracke and Gulgowski-1781530779169" (index 4 of 25)
[36m[2026-06-16T05:35:11.466Z] [INFO][0m Adding 3 product(s)
[36m[2026-06-16T05:35:11.467Z] [INFO][0m Adding product row
[36m[2026-06-16T05:35:11.690Z] [INFO][0m Clicked Add New product button
[36m[2026-06-16T05:35:11.783Z] [INFO][0m Clicked product dropdown indicator
[36m[2026-06-16T05:35:12.023Z] [INFO][0m Waiting for URL: /contacts\/list/
[32m[2026-06-16T05:35:12.037Z] [SUCCESS][0m Product row added: "1 BHK" (index 0 of 3)
[36m[2026-06-16T05:35:12.037Z] [INFO][0m Adding product row
[36m[2026-06-16T05:35:12.279Z] [INFO][0m Clicked Add New product button
[36m[2026-06-16T05:35:12.370Z] [INFO][0m Clicked product dropdown indicator
[32m[2026-06-16T05:35:12.391Z] [SUCCESS][0m On Deals List page
[36m[2026-06-16T05:35:12.391Z] [INFO][0m Clicking Add Deal
[36m[2026-06-16T05:35:12.392Z] [INFO][0m Clicking: add deal button
[32m[2026-06-16T05:35:12.621Z] [SUCCESS][0m Product row added: "2 BHK" (index 1 of 3)
[36m[2026-06-16T05:35:12.621Z] [INFO][0m Adding product row
[36m[2026-06-16T05:35:12.833Z] [INFO][0m Clicked Add New product button
[36m[2026-06-16T05:35:12.932Z] [INFO][0m Clicked product dropdown indicator
[32m[2026-06-16T05:35:13.164Z] [SUCCESS][0m Product row added: "2 BHK" (index 1 of 3)
[36m[2026-06-16T05:35:13.164Z] [INFO][0m Filling estimated value
[36m[2026-06-16T05:35:13.218Z] [INFO][0m Estimated value auto-filled by product
[36m[2026-06-16T05:35:13.218Z] [INFO][0m Adding part payments
[36m[2026-06-16T05:35:13.218Z] [INFO][0m Adding 3 installment(s)
[36m[2026-06-16T05:35:13.218Z] [INFO][0m Clicking: add payment button
[36m[2026-06-16T05:35:13.367Z] [INFO][0m Total value in modal: INR 250,000
[36m[2026-06-16T05:35:13.461Z] [INFO][0m Clicking: confirm installments button
[32m[2026-06-16T05:35:13.729Z] [SUCCESS][0m Installments confirmed: 3
[36m[2026-06-16T05:35:13.729Z] [INFO][0m Asserting part payment equal split
[32m[2026-06-16T05:35:13.746Z] [SUCCESS][0m Installment 1 row present
[32m[2026-06-16T05:35:13.761Z] [SUCCESS][0m Installment 2 row present
[32m[2026-06-16T05:35:13.776Z] [SUCCESS][0m Installment 3 row present
[36m[2026-06-16T05:35:13.813Z] [INFO][0m Actual Total: INR 250,000 | Received: INR 0 | Remaining: INR 250,000
[32m[2026-06-16T05:35:13.814Z] [SUCCESS][0m Part payment summary verified — 3 installment(s), total: INR 250,000
[32m[2026-06-16T05:35:13.814Z] [SUCCESS][0m Part payments added and verified
[36m[2026-06-16T05:35:13.814Z] [INFO][0m Selecting campaign
[32m[2026-06-16T05:35:14.034Z] [SUCCESS][0m Campaign selected
[36m[2026-06-16T05:35:14.034Z] [INFO][0m Selecting source
[32m[2026-06-16T05:35:14.172Z] [SUCCESS][0m On Contacts List page
[36m[2026-06-16T05:35:14.172Z] [INFO][0m Validating contact absent: ADM1781588103367
[36m[2026-06-16T05:35:14.172Z] [INFO][0m Navigating to Contacts List
[36m[2026-06-16T05:35:14.182Z] [INFO][0m Navigating to: https://app-qa.sling-dev.com/sales/contacts/list
[32m[2026-06-16T05:35:14.247Z] [SUCCESS][0m Source selected
[36m[2026-06-16T05:35:14.248Z] [INFO][0m Filling sub source with: Organic
[36m[2026-06-16T05:35:14.340Z] [INFO][0m Filling utm source with: linkedin
[36m[2026-06-16T05:35:14.451Z] [INFO][0m Filling utm campaign with: campaign_pG8YtF
[36m[2026-06-16T05:35:14.463Z] [INFO][0m Waiting for URL: /contacts\/list/
[36m[2026-06-16T05:35:14.573Z] [INFO][0m Filling utm medium with: email
[36m[2026-06-16T05:35:14.708Z] [INFO][0m Filling utm content with: content_PiDN12
[36m[2026-06-16T05:35:14.823Z] [INFO][0m Filling utm term with: deals
[32m[2026-06-16T05:35:14.932Z] [SUCCESS][0m Deal form filled
[36m[2026-06-16T05:35:14.932Z] [INFO][0m Saving deal
[36m[2026-06-16T05:35:14.934Z] [INFO][0m Clicking: save button
[36m[2026-06-16T05:35:15.222Z] [INFO][0m Session validation URL: https://app-qa.sling-dev.com/sales/home
[36m[2026-06-16T05:35:15.240Z] [INFO][0m Checking for validation errors in deal create form
[32m[2026-06-16T05:35:15.395Z] [SUCCESS][0m Deal form opened
[36m[2026-06-16T05:35:15.396Z] [INFO][0m Filling deal form
[36m[2026-06-16T05:35:15.396Z] [INFO][0m Filling deal name with: Deal-Frozen Concrete Chair-f250
[36m[2026-06-16T05:35:15.448Z] [INFO][0m Session is still valid for role: admin
[36m[2026-06-16T05:35:15.448Z] [INFO][0m Creating authenticated browser context for role: admin
[36m[2026-06-16T05:35:15.520Z] [INFO][0m Selecting date: Sun Jun 21 2026
[36m[2026-06-16T05:35:15.547Z] [INFO][0m Clicking: estimated closure date input
[32m[2026-06-16T05:35:15.891Z] [SUCCESS][0m On Contacts List page
[36m[2026-06-16T05:35:15.891Z] [INFO][0m Searching contact: ADM1781588103367
[36m[2026-06-16T05:35:15.891Z] [INFO][0m Filling search input with: ADM1781588103367
[36m[2026-06-16T05:35:15.941Z] [INFO][0m Clicking: search icon
[32m[2026-06-16T05:35:16.109Z] [SUCCESS][0m Captured deal ID: 401064 from https://api-qa.sling-dev.com/v1/deals/
[36m[2026-06-16T05:35:16.156Z] [INFO][0m Calendar opened
[32m[2026-06-16T05:35:16.395Z] [SUCCESS][0m Date selected: Sun Jun 21 2026
[36m[2026-06-16T05:35:16.395Z] [INFO][0m Selecting pipeline
[32m[2026-06-16T05:35:16.400Z] [SUCCESS][0m Contact absent confirmed: ADM1781588103367
[32m[2026-06-16T05:35:16.581Z] [SUCCESS][0m Pipeline selected
[36m[2026-06-16T05:35:16.581Z] [INFO][0m Selecting associated contact
[32m[2026-06-16T05:35:16.789Z] [SUCCESS][0m No validation errors found in deal create form
[36m[2026-06-16T05:35:16.789Z] [INFO][0m Waiting for URL: /deals\/list/
  ✓    8 [chromium] › tests/rbac/contacts.rbac.spec.ts:53:7 › Contacts RBAC › @regression restricted user cannot see an admin-owned contact (32.4s)
[36m[2026-06-16T05:35:16.965Z] [INFO][0m Session cache hit for role: admin (age: 28s) — skipping validation
[36m[2026-06-16T05:35:16.965Z] [INFO][0m Creating authenticated browser context for role: admin
[32m[2026-06-16T05:35:17.234Z] [SUCCESS][0m associated contact selected: "ADM1781514899195 Luettgen" (index 15 of 25)
[36m[2026-06-16T05:35:17.234Z] [INFO][0m Selecting associated company
[32m[2026-06-16T05:35:17.645Z] [SUCCESS][0m Deal saved successfully
[36m[2026-06-16T05:35:17.645Z] [INFO][0m Validating deal via ID: 401064
[36m[2026-06-16T05:35:17.645Z] [INFO][0m Navigating to: https://app-qa.sling-dev.com/sales/deals/details/401064
[32m[2026-06-16T05:35:17.773Z] [SUCCESS][0m associated company selected: "Schmidt LLC-1781514374435" (index 20 of 25)
[36m[2026-06-16T05:35:17.773Z] [INFO][0m Adding 1 product(s)
[36m[2026-06-16T05:35:17.774Z] [INFO][0m Adding product row
[36m[2026-06-16T05:35:17.931Z] [INFO][0m Clicked Add New product button
[36m[2026-06-16T05:35:18.004Z] [INFO][0m Clicked product dropdown indicator
[32m[2026-06-16T05:35:18.035Z] [SUCCESS][0m Deal verified: Deal-Tasty Gold Bacon-U7x0
  ✓   10 [chromium] › tests/rbac/deals.rbac.spec.ts:18:7 › Deals RBAC › @regression restricted user can create a deal (24.4s)
[36m[2026-06-16T05:35:18.208Z] [INFO][0m Session cache hit for role: admin (age: 66s) — skipping validation
[36m[2026-06-16T05:35:18.209Z] [INFO][0m Creating authenticated browser context for role: admin
[32m[2026-06-16T05:35:18.923Z] [SUCCESS][0m Product row added: "3 BHK" (index 2 of 3)
[36m[2026-06-16T05:35:18.923Z] [INFO][0m Filling estimated value
[36m[2026-06-16T05:35:18.968Z] [INFO][0m Estimated value auto-filled by product
[36m[2026-06-16T05:35:18.968Z] [INFO][0m Adding part payments
[36m[2026-06-16T05:35:18.968Z] [INFO][0m Adding 6 installment(s)
[36m[2026-06-16T05:35:18.969Z] [INFO][0m Clicking: add payment button
[36m[2026-06-16T05:35:19.079Z] [INFO][0m Total value in modal: INR 300,000
[36m[2026-06-16T05:35:19.132Z] [INFO][0m Clicking: confirm installments button
[32m[2026-06-16T05:35:19.349Z] [SUCCESS][0m Installments confirmed: 6
[36m[2026-06-16T05:35:19.349Z] [INFO][0m Asserting part payment equal split
[32m[2026-06-16T05:35:19.362Z] [SUCCESS][0m Installment 1 row present
[32m[2026-06-16T05:35:19.373Z] [SUCCESS][0m Installment 2 row present
[32m[2026-06-16T05:35:19.388Z] [SUCCESS][0m Installment 3 row present
[32m[2026-06-16T05:35:19.404Z] [SUCCESS][0m Installment 4 row present
[32m[2026-06-16T05:35:19.433Z] [SUCCESS][0m Installment 5 row present
[32m[2026-06-16T05:35:19.451Z] [SUCCESS][0m Installment 6 row present
[36m[2026-06-16T05:35:19.489Z] [INFO][0m Actual Total: INR 300,000 | Received: INR 0 | Remaining: INR 300,000
[32m[2026-06-16T05:35:19.491Z] [SUCCESS][0m Part payment summary verified — 6 installment(s), total: INR 300,000
[32m[2026-06-16T05:35:19.491Z] [SUCCESS][0m Part payments added and verified
[36m[2026-06-16T05:35:19.491Z] [INFO][0m Selecting campaign
[32m[2026-06-16T05:35:19.655Z] [SUCCESS][0m Campaign selected
[36m[2026-06-16T05:35:19.655Z] [INFO][0m Selecting source
[32m[2026-06-16T05:35:19.921Z] [SUCCESS][0m Source selected
[36m[2026-06-16T05:35:19.921Z] [INFO][0m Filling sub source with: Direct
[36m[2026-06-16T05:35:19.971Z] [INFO][0m Filling utm source with: google
[36m[2026-06-16T05:35:20.028Z] [INFO][0m Filling utm campaign with: campaign_ToTN0x
[36m[2026-06-16T05:35:20.099Z] [INFO][0m Filling utm medium with: cpc
[36m[2026-06-16T05:35:20.222Z] [INFO][0m Filling utm content with: content_rgiRZy
[36m[2026-06-16T05:35:20.303Z] [INFO][0m Filling utm term with: pipeline
[32m[2026-06-16T05:35:20.397Z] [SUCCESS][0m Deal form filled
[36m[2026-06-16T05:35:20.397Z] [INFO][0m Saving deal
[36m[2026-06-16T05:35:20.403Z] [INFO][0m Clicking: save button
[36m[2026-06-16T05:35:20.640Z] [INFO][0m Checking for validation errors in deal create form
[32m[2026-06-16T05:35:21.271Z] [SUCCESS][0m Captured deal ID: 401065 from https://api-qa.sling-dev.com/v1/deals/
[32m[2026-06-16T05:35:22.300Z] [SUCCESS][0m No validation errors found in deal create form
[36m[2026-06-16T05:35:22.300Z] [INFO][0m Waiting for URL: /deals\/list/
[32m[2026-06-16T05:35:22.391Z] [SUCCESS][0m Deal saved successfully
[36m[2026-06-16T05:35:22.392Z] [INFO][0m Opening deal: Deal-Frozen Concrete Chair-f250
[36m[2026-06-16T05:35:22.392Z] [INFO][0m Opening deal directly via ID: 401065
[36m[2026-06-16T05:35:22.392Z] [INFO][0m Navigating to: https://app-qa.sling-dev.com/sales/deals/details/401065
[36m[2026-06-16T05:35:22.804Z] [INFO][0m Opening edit modal
[36m[2026-06-16T05:35:22.804Z] [INFO][0m Clicking: edit icon
[36m[2026-06-16T05:35:23.452Z] [INFO][0m Captured user name from API: Playwright Automation
[36m[2026-06-16T05:35:23.452Z] [INFO][0m Admin: Playwright Automation
[32m[2026-06-16T05:35:24.515Z] [SUCCESS][0m Edit modal opened
[36m[2026-06-16T05:35:24.515Z] [INFO][0m Updating deal in edit form
[36m[2026-06-16T05:35:24.515Z] [INFO][0m Filling deal name with: Deal-Frozen Metal Pants-EGe7
[36m[2026-06-16T05:35:25.103Z] [INFO][0m Captured user name from API: User 1
[36m[2026-06-16T05:35:25.103Z] [INFO][0m Restricted: User 1
[36m[2026-06-16T05:35:25.106Z] [INFO][0m Navigating to Deals List
[36m[2026-06-16T05:35:25.545Z] [INFO][0m Navigating to: https://app-qa.sling-dev.com/sales/deals/list

[MiscError] [REQUESTFAILED] net::ERR_ABORTED
            URL: https://api-qa.sling-dev.com/v1/search/deal?page=0&size=10&sort=updatedAt,desc
            Test: @regression restricted user contact and company owned by restricted not admin
            Time: 2026-06-16T05:35:25.620Z

[36m[2026-06-16T05:35:26.141Z] [INFO][0m Waiting for URL: /deals\/list/
[36m[2026-06-16T05:35:26.182Z] [INFO][0m Session cache hit for role: restricted (age: 60s) — skipping validation
[36m[2026-06-16T05:35:26.182Z] [INFO][0m Creating authenticated browser context for role: restricted
[36m[2026-06-16T05:35:26.248Z] [INFO][0m Updating first payment status to Received
[36m[2026-06-16T05:35:26.809Z] [INFO][0m Session cache hit for role: restricted (age: 75s) — skipping validation
[36m[2026-06-16T05:35:26.810Z] [INFO][0m Creating authenticated browser context for role: restricted
[36m[2026-06-16T05:35:27.321Z] [INFO][0m Clicked Received option
[32m[2026-06-16T05:35:28.013Z] [SUCCESS][0m On Deals List page
[36m[2026-06-16T05:35:28.013Z] [INFO][0m Clicking Add Deal
[36m[2026-06-16T05:35:28.014Z] [INFO][0m Clicking: add deal button
[36m[2026-06-16T05:35:28.135Z] [INFO][0m Confirm modal appeared — clicking Yes
[32m[2026-06-16T05:35:28.215Z] [SUCCESS][0m Payment status change confirmed
[36m[2026-06-16T05:35:29.019Z] [INFO][0m Filling utm source (edit) with: linkedin
[32m[2026-06-16T05:35:29.189Z] [SUCCESS][0m Edit form updated
[36m[2026-06-16T05:35:29.189Z] [INFO][0m Asserting payment status and summary after edit
[32m[2026-06-16T05:35:29.206Z] [SUCCESS][0m First payment status: Received
[36m[2026-06-16T05:35:29.242Z] [INFO][0m Actual Total: INR 300,000
[36m[2026-06-16T05:35:29.242Z] [INFO][0m Amount Received: INR 50,000
[36m[2026-06-16T05:35:29.242Z] [INFO][0m Remaining Balance: INR 250,000
[36m[2026-06-16T05:35:29.243Z] [INFO][0m Parsed — Total: 300000 | Received: 50000 | Remaining: 250000
[32m[2026-06-16T05:35:29.244Z] [SUCCESS][0m Amount Received 50000 > 0
[32m[2026-06-16T05:35:29.245Z] [SUCCESS][0m Remaining 250000 < Total 300000
[32m[2026-06-16T05:35:29.247Z] [SUCCESS][0m Math verified: 300000 - 50000 = 250000 (diff: 0)
[36m[2026-06-16T05:35:29.247Z] [INFO][0m Saving updated deal
[36m[2026-06-16T05:35:29.247Z] [INFO][0m Clicking: save button
[36m[2026-06-16T05:35:29.477Z] [INFO][0m Checking for validation errors in deal edit form
[32m[2026-06-16T05:35:30.518Z] [SUCCESS][0m Deal form opened
[36m[2026-06-16T05:35:30.519Z] [INFO][0m Filling deal form
[36m[2026-06-16T05:35:30.519Z] [INFO][0m Filling deal name with: Deal-Frozen Plastic Table-fNMk
[36m[2026-06-16T05:35:30.647Z] [INFO][0m Selecting date: Sun Jun 21 2026
[36m[2026-06-16T05:35:30.665Z] [INFO][0m Clicking: estimated closure date input
[32m[2026-06-16T05:35:31.011Z] [SUCCESS][0m No validation errors found in deal edit form
[32m[2026-06-16T05:35:31.070Z] [SUCCESS][0m Deal updated
[36m[2026-06-16T05:35:31.070Z] [INFO][0m Navigating to Deals List
[36m[2026-06-16T05:35:31.075Z] [INFO][0m Navigating to: https://app-qa.sling-dev.com/sales/deals/list
[36m[2026-06-16T05:35:31.251Z] [INFO][0m Calendar opened
[32m[2026-06-16T05:35:31.327Z] [SUCCESS][0m Date selected: Sun Jun 21 2026
[36m[2026-06-16T05:35:31.328Z] [INFO][0m Selecting pipeline
[36m[2026-06-16T05:35:31.426Z] [INFO][0m Waiting for URL: /deals\/list/
[32m[2026-06-16T05:35:31.596Z] [SUCCESS][0m Pipeline selected
[36m[2026-06-16T05:35:31.596Z] [INFO][0m Selecting associated contact
[32m[2026-06-16T05:35:32.199Z] [SUCCESS][0m associated contact selected: "Jermaine Block" (index 8 of 25)
[36m[2026-06-16T05:35:32.199Z] [INFO][0m Selecting associated company
[32m[2026-06-16T05:35:32.554Z] [SUCCESS][0m On Deals List page
[36m[2026-06-16T05:35:32.554Z] [INFO][0m Validating deal exists: Deal-Frozen Metal Pants-EGe7
[36m[2026-06-16T05:35:32.554Z] [INFO][0m Search attempt 1/5
[36m[2026-06-16T05:35:32.554Z] [INFO][0m Navigating to Deals List
[36m[2026-06-16T05:35:32.602Z] [INFO][0m Navigating to: https://app-qa.sling-dev.com/sales/deals/list
[32m[2026-06-16T05:35:32.759Z] [SUCCESS][0m associated company selected: "ADM1781530779905 Corp" (index 3 of 25)
[36m[2026-06-16T05:35:32.759Z] [INFO][0m Adding 3 product(s)
[36m[2026-06-16T05:35:32.760Z] [INFO][0m Adding product row
[36m[2026-06-16T05:35:32.901Z] [INFO][0m Clicked Add New product button
[36m[2026-06-16T05:35:32.964Z] [INFO][0m Clicked product dropdown indicator
[36m[2026-06-16T05:35:33.040Z] [INFO][0m Waiting for URL: /deals\/list/
[32m[2026-06-16T05:35:33.343Z] [SUCCESS][0m Product row added: "2 BHK" (index 1 of 3)
[36m[2026-06-16T05:35:33.343Z] [INFO][0m Adding product row
[36m[2026-06-16T05:35:33.588Z] [INFO][0m Clicked Add New product button
[36m[2026-06-16T05:35:33.601Z] [INFO][0m Navigating to Deals List
[36m[2026-06-16T05:35:33.607Z] [INFO][0m Navigating to: https://app-qa.sling-dev.com/sales/deals/list
[36m[2026-06-16T05:35:33.674Z] [INFO][0m Clicked product dropdown indicator
[32m[2026-06-16T05:35:34.093Z] [SUCCESS][0m Product row added: "2 BHK" (index 1 of 3)
[36m[2026-06-16T05:35:34.093Z] [INFO][0m Adding product row
[36m[2026-06-16T05:35:34.373Z] [INFO][0m Clicked Add New product button
[32m[2026-06-16T05:35:34.422Z] [SUCCESS][0m On Deals List page
[36m[2026-06-16T05:35:34.422Z] [INFO][0m Searching deal: Deal-Frozen Metal Pants-EGe7
[36m[2026-06-16T05:35:34.423Z] [INFO][0m Filling search input with: Deal-Frozen Metal Pants-EGe7
[36m[2026-06-16T05:35:34.500Z] [INFO][0m Clicked product dropdown indicator
[36m[2026-06-16T05:35:34.522Z] [INFO][0m Clicking: search icon
[36m[2026-06-16T05:35:34.563Z] [INFO][0m Waiting for URL: /deals\/list/
[32m[2026-06-16T05:35:34.773Z] [SUCCESS][0m Product row added: "2 BHK" (index 1 of 3)
[36m[2026-06-16T05:35:34.773Z] [INFO][0m Filling estimated value
[36m[2026-06-16T05:35:34.836Z] [INFO][0m Estimated value auto-filled by product
[36m[2026-06-16T05:35:34.836Z] [INFO][0m Adding part payments
[36m[2026-06-16T05:35:34.836Z] [INFO][0m Adding 4 installment(s)
[36m[2026-06-16T05:35:34.837Z] [INFO][0m Clicking: add payment button
[36m[2026-06-16T05:35:35.099Z] [INFO][0m Total value in modal: INR 300,000
[36m[2026-06-16T05:35:35.211Z] [INFO][0m Clicking: confirm installments button
[32m[2026-06-16T05:35:35.612Z] [SUCCESS][0m Installments confirmed: 4
[36m[2026-06-16T05:35:35.613Z] [INFO][0m Asserting part payment equal split
[32m[2026-06-16T05:35:35.635Z] [SUCCESS][0m Installment 1 row present
[32m[2026-06-16T05:35:35.654Z] [SUCCESS][0m Installment 2 row present
[32m[2026-06-16T05:35:35.671Z] [SUCCESS][0m Installment 3 row present
[32m[2026-06-16T05:35:35.688Z] [SUCCESS][0m Installment 4 row present
[36m[2026-06-16T05:35:35.782Z] [INFO][0m Actual Total: INR 300,000 | Received: INR 0 | Remaining: INR 300,000
[32m[2026-06-16T05:35:35.785Z] [SUCCESS][0m Part payment summary verified — 4 installment(s), total: INR 300,000
[32m[2026-06-16T05:35:35.785Z] [SUCCESS][0m Part payments added and verified
[36m[2026-06-16T05:35:35.785Z] [INFO][0m Selecting campaign
[32m[2026-06-16T05:35:36.039Z] [SUCCESS][0m Campaign selected
[36m[2026-06-16T05:35:36.039Z] [INFO][0m Selecting source
[32m[2026-06-16T05:35:36.074Z] [SUCCESS][0m On Deals List page
[36m[2026-06-16T05:35:36.074Z] [INFO][0m Clicking Add Deal
[36m[2026-06-16T05:35:36.074Z] [INFO][0m Clicking: add deal button
[32m[2026-06-16T05:35:36.320Z] [SUCCESS][0m Source selected
[36m[2026-06-16T05:35:36.320Z] [INFO][0m Filling sub source with: Paid
[36m[2026-06-16T05:35:36.437Z] [INFO][0m Filling utm source with: linkedin
[36m[2026-06-16T05:35:36.571Z] [INFO][0m Filling utm campaign with: campaign_NE9EIf
[36m[2026-06-16T05:35:36.702Z] [INFO][0m Filling utm medium with: social
[36m[2026-06-16T05:35:36.854Z] [INFO][0m Filling utm content with: content_2anApL
[36m[2026-06-16T05:35:36.974Z] [INFO][0m Filling utm term with: deals
[32m[2026-06-16T05:35:37.090Z] [SUCCESS][0m Deal form filled
[36m[2026-06-16T05:35:37.090Z] [INFO][0m Saving deal
[36m[2026-06-16T05:35:37.093Z] [INFO][0m Clicking: save button
[36m[2026-06-16T05:35:37.344Z] [INFO][0m Navigating to Deals List
[36m[2026-06-16T05:35:37.366Z] [INFO][0m Navigating to: https://app-qa.sling-dev.com/sales/deals/list
[36m[2026-06-16T05:35:37.401Z] [INFO][0m Checking for validation errors in deal create form
[32m[2026-06-16T05:35:37.944Z] [SUCCESS][0m Captured deal ID: 401066 from https://api-qa.sling-dev.com/v1/deals/
[36m[2026-06-16T05:35:38.099Z] [INFO][0m Waiting for URL: /deals\/list/
[32m[2026-06-16T05:35:38.607Z] [SUCCESS][0m Deal form opened
[36m[2026-06-16T05:35:38.607Z] [INFO][0m Filling deal form
[36m[2026-06-16T05:35:38.607Z] [INFO][0m Filling deal name with: ADM1781588133601-Deal
[36m[2026-06-16T05:35:38.772Z] [INFO][0m Selecting date: Sun Jun 21 2026
[36m[2026-06-16T05:35:38.772Z] [INFO][0m Clicking: estimated closure date input
[32m[2026-06-16T05:35:39.142Z] [SUCCESS][0m No validation errors found in deal create form
[36m[2026-06-16T05:35:39.142Z] [INFO][0m Waiting for URL: /deals\/list/
[32m[2026-06-16T05:35:39.233Z] [SUCCESS][0m Deal saved successfully
[32m[2026-06-16T05:35:39.287Z] [SUCCESS][0m On Deals List page
[36m[2026-06-16T05:35:39.288Z] [INFO][0m Clicking Add Deal
[36m[2026-06-16T05:35:39.288Z] [INFO][0m Clicking: add deal button
[36m[2026-06-16T05:35:39.546Z] [INFO][0m Calendar opened
[32m[2026-06-16T05:35:39.656Z] [SUCCESS][0m Date selected: Sun Jun 21 2026
[36m[2026-06-16T05:35:39.656Z] [INFO][0m Selecting pipeline
[36m[2026-06-16T05:35:39.779Z] [INFO][0m On deal details page
[36m[2026-06-16T05:35:39.779Z] [INFO][0m Verifying company owner
[32m[2026-06-16T05:35:39.879Z] [SUCCESS][0m Pipeline selected
[36m[2026-06-16T05:35:39.879Z] [INFO][0m Selecting associated contact
[32m[2026-06-16T05:35:40.520Z] [SUCCESS][0m associated contact selected: "ADM1781514899195 Luettgen" (index 19 of 25)
[36m[2026-06-16T05:35:40.520Z] [INFO][0m Selecting associated company
[32m[2026-06-16T05:35:41.065Z] [SUCCESS][0m associated company selected: "Kautzer - Durgan-1781518777111" (index 14 of 25)
[36m[2026-06-16T05:35:41.065Z] [INFO][0m Adding 3 product(s)
[36m[2026-06-16T05:35:41.065Z] [INFO][0m Adding product row
[36m[2026-06-16T05:35:41.284Z] [INFO][0m Clicked Add New product button
[36m[2026-06-16T05:35:41.368Z] [INFO][0m Clicked product dropdown indicator
[32m[2026-06-16T05:35:41.645Z] [SUCCESS][0m Product row added: "3 BHK" (index 2 of 3)
[36m[2026-06-16T05:35:41.645Z] [INFO][0m Adding product row
[36m[2026-06-16T05:35:41.765Z] [INFO][0m Company owner: Playwright Automation
[33m[2026-06-16T05:35:41.765Z] [WARN][0m Company owner is Playwright Automation — may be admin-owned (random selection). Skipping hard assertion.
[36m[2026-06-16T05:35:41.831Z] [INFO][0m Clicked Add New product button
[36m[2026-06-16T05:35:41.885Z] [INFO][0m Verifying contact owner
[36m[2026-06-16T05:35:41.910Z] [INFO][0m Clicked product dropdown indicator
[32m[2026-06-16T05:35:42.155Z] [SUCCESS][0m Deal form opened
[36m[2026-06-16T05:35:42.156Z] [INFO][0m Filling deal form
[36m[2026-06-16T05:35:42.156Z] [INFO][0m Filling deal name with: ADM1781588137344-Deal
[36m[2026-06-16T05:35:42.264Z] [INFO][0m Selecting date: Sun Jun 21 2026
[36m[2026-06-16T05:35:42.286Z] [INFO][0m Clicking: estimated closure date input
[32m[2026-06-16T05:35:42.305Z] [SUCCESS][0m Product row added: "2 BHK" (index 1 of 3)
[36m[2026-06-16T05:35:42.305Z] [INFO][0m Adding product row
[36m[2026-06-16T05:35:42.506Z] [INFO][0m Clicked Add New product button
[36m[2026-06-16T05:35:42.606Z] [INFO][0m Clicked product dropdown indicator
[32m[2026-06-16T05:35:42.864Z] [SUCCESS][0m Product row added: "3 BHK" (index 2 of 3)
[36m[2026-06-16T05:35:42.864Z] [INFO][0m Filling estimated value
[36m[2026-06-16T05:35:42.917Z] [INFO][0m Calendar opened
[36m[2026-06-16T05:35:42.929Z] [INFO][0m Estimated value auto-filled by product
[36m[2026-06-16T05:35:42.929Z] [INFO][0m Adding part payments
[36m[2026-06-16T05:35:42.930Z] [INFO][0m Adding 2 installment(s)
[36m[2026-06-16T05:35:42.930Z] [INFO][0m Clicking: add payment button
[36m[2026-06-16T05:35:43.092Z] [INFO][0m Total value in modal: INR 700,000
[32m[2026-06-16T05:35:43.094Z] [SUCCESS][0m Date selected: Sun Jun 21 2026
[36m[2026-06-16T05:35:43.094Z] [INFO][0m Selecting pipeline
[36m[2026-06-16T05:35:43.222Z] [INFO][0m Clicking: confirm installments button
[32m[2026-06-16T05:35:43.319Z] [SUCCESS][0m Pipeline selected
[36m[2026-06-16T05:35:43.319Z] [INFO][0m Selecting associated contact
[32m[2026-06-16T05:35:43.391Z] [SUCCESS][0m Installments confirmed: 2
[36m[2026-06-16T05:35:43.391Z] [INFO][0m Asserting part payment equal split
[32m[2026-06-16T05:35:43.403Z] [SUCCESS][0m Installment 1 row present
[32m[2026-06-16T05:35:43.416Z] [SUCCESS][0m Installment 2 row present
[36m[2026-06-16T05:35:43.455Z] [INFO][0m Actual Total: INR 700,000 | Received: INR 0 | Remaining: INR 700,000
[32m[2026-06-16T05:35:43.458Z] [SUCCESS][0m Part payment summary verified — 2 installment(s), total: INR 700,000
[32m[2026-06-16T05:35:43.458Z] [SUCCESS][0m Part payments added and verified
[36m[2026-06-16T05:35:43.458Z] [INFO][0m Selecting campaign
[32m[2026-06-16T05:35:43.684Z] [SUCCESS][0m Campaign selected
[36m[2026-06-16T05:35:43.684Z] [INFO][0m Selecting source
[32m[2026-06-16T05:35:43.928Z] [SUCCESS][0m associated contact selected: "Edna McKenzie" (index 7 of 25)
[36m[2026-06-16T05:35:43.928Z] [INFO][0m Selecting associated company
[32m[2026-06-16T05:35:43.963Z] [SUCCESS][0m Source selected
[36m[2026-06-16T05:35:43.963Z] [INFO][0m Filling sub source with: Organic
[36m[2026-06-16T05:35:44.072Z] [INFO][0m Filling utm source with: google
[36m[2026-06-16T05:35:44.151Z] [INFO][0m Filling utm campaign with: adm_campaign_1781588133601
[36m[2026-06-16T05:35:44.213Z] [INFO][0m Filling utm medium with: cpc
[36m[2026-06-16T05:35:44.318Z] [INFO][0m Filling utm content with: adm_content_1781588133601
[36m[2026-06-16T05:35:44.390Z] [INFO][0m Filling utm term with: crm
[32m[2026-06-16T05:35:44.452Z] [SUCCESS][0m associated company selected: "Bartell LLC-1781514414744" (index 24 of 25)
[36m[2026-06-16T05:35:44.452Z] [INFO][0m Adding 2 product(s)
[36m[2026-06-16T05:35:44.452Z] [INFO][0m Adding product row
[32m[2026-06-16T05:35:44.453Z] [SUCCESS][0m Deal form filled
[36m[2026-06-16T05:35:44.453Z] [INFO][0m Saving deal
[36m[2026-06-16T05:35:44.456Z] [INFO][0m Clicking: save button
[36m[2026-06-16T05:35:44.583Z] [INFO][0m Clicked Add New product button
[36m[2026-06-16T05:35:44.647Z] [INFO][0m Clicked product dropdown indicator
[36m[2026-06-16T05:35:44.653Z] [INFO][0m Checking for validation errors in deal create form
[32m[2026-06-16T05:35:44.956Z] [SUCCESS][0m Product row added: "3 BHK" (index 2 of 3)
[36m[2026-06-16T05:35:44.956Z] [INFO][0m Adding product row
[36m[2026-06-16T05:35:45.140Z] [INFO][0m Clicked Add New product button
[36m[2026-06-16T05:35:45.196Z] [INFO][0m Clicked product dropdown indicator
[32m[2026-06-16T05:35:45.294Z] [SUCCESS][0m Captured deal ID: 401067 from https://api-qa.sling-dev.com/v1/deals/
[36m[2026-06-16T05:35:45.387Z] [INFO][0m Contact tab URL: https://app-qa.sling-dev.com/sales/contacts/details/449681
[32m[2026-06-16T05:35:45.535Z] [SUCCESS][0m Product row added: "1 BHK" (index 0 of 3)
[36m[2026-06-16T05:35:45.535Z] [INFO][0m Filling estimated value
[36m[2026-06-16T05:35:45.581Z] [INFO][0m Estimated value auto-filled by product
[36m[2026-06-16T05:35:45.581Z] [INFO][0m Adding part payments
[36m[2026-06-16T05:35:45.582Z] [INFO][0m Adding 2 installment(s)
[36m[2026-06-16T05:35:45.582Z] [INFO][0m Clicking: add payment button
[36m[2026-06-16T05:35:45.720Z] [INFO][0m Total value in modal: INR 350,000
[36m[2026-06-16T05:35:45.800Z] [INFO][0m Clicking: confirm installments button
[32m[2026-06-16T05:35:46.082Z] [SUCCESS][0m Installments confirmed: 2
[36m[2026-06-16T05:35:46.082Z] [INFO][0m Asserting part payment equal split
[32m[2026-06-16T05:35:46.096Z] [SUCCESS][0m Installment 1 row present
[32m[2026-06-16T05:35:46.108Z] [SUCCESS][0m Installment 2 row present
[36m[2026-06-16T05:35:46.147Z] [INFO][0m Actual Total: INR 350,000 | Received: INR 0 | Remaining: INR 350,000
[32m[2026-06-16T05:35:46.150Z] [SUCCESS][0m Part payment summary verified — 2 installment(s), total: INR 350,000
[32m[2026-06-16T05:35:46.150Z] [SUCCESS][0m Part payments added and verified
[36m[2026-06-16T05:35:46.150Z] [INFO][0m Selecting campaign
[32m[2026-06-16T05:35:46.192Z] [SUCCESS][0m No validation errors found in deal create form
[36m[2026-06-16T05:35:46.192Z] [INFO][0m Waiting for URL: /deals\/list/
[32m[2026-06-16T05:35:46.365Z] [SUCCESS][0m Deal saved successfully
[36m[2026-06-16T05:35:46.365Z] [INFO][0m Navigating to Deals List
[32m[2026-06-16T05:35:46.367Z] [SUCCESS][0m Campaign selected
[36m[2026-06-16T05:35:46.367Z] [INFO][0m Selecting source
[36m[2026-06-16T05:35:46.369Z] [INFO][0m Navigating to: https://app-qa.sling-dev.com/sales/deals/list
[32m[2026-06-16T05:35:46.563Z] [SUCCESS][0m Source selected
[36m[2026-06-16T05:35:46.563Z] [INFO][0m Filling sub source with: Organic
[36m[2026-06-16T05:35:46.652Z] [INFO][0m Filling utm source with: google
[36m[2026-06-16T05:35:46.744Z] [INFO][0m Contact owner: User 1
[36m[2026-06-16T05:35:46.745Z] [INFO][0m Filling utm campaign with: adm_campaign_1781588137344
[32m[2026-06-16T05:35:46.745Z] [SUCCESS][0m Contact owner verified: User 1
[36m[2026-06-16T05:35:46.820Z] [INFO][0m Filling utm medium with: cpc
[36m[2026-06-16T05:35:46.877Z] [INFO][0m Waiting for URL: /deals\/list/
[36m[2026-06-16T05:35:46.901Z] [INFO][0m Filling utm content with: adm_content_1781588137344
[36m[2026-06-16T05:35:46.975Z] [INFO][0m Filling utm term with: crm
  ✓   12 [chromium] › tests/rbac/deals.rbac.spec.ts:47:7 › Deals RBAC › @regression restricted user contact and company owned by restricted not admin (45.1s)
[36m[2026-06-16T05:35:47.009Z] [INFO][0m Session cache hit for role: restricted (age: 95s) — skipping validation
[36m[2026-06-16T05:35:47.009Z] [INFO][0m Creating authenticated browser context for role: restricted
[32m[2026-06-16T05:35:47.083Z] [SUCCESS][0m Deal form filled
[36m[2026-06-16T05:35:47.083Z] [INFO][0m Saving deal
[36m[2026-06-16T05:35:47.086Z] [INFO][0m Clicking: save button
[36m[2026-06-16T05:35:47.335Z] [INFO][0m Checking for validation errors in deal create form
[32m[2026-06-16T05:35:48.119Z] [SUCCESS][0m Captured deal ID: 401068 from https://api-qa.sling-dev.com/v1/deals/
[32m[2026-06-16T05:35:48.904Z] [SUCCESS][0m No validation errors found in deal create form
[36m[2026-06-16T05:35:48.904Z] [INFO][0m Waiting for URL: /deals\/list/
[32m[2026-06-16T05:35:48.950Z] [SUCCESS][0m On Deals List page
[36m[2026-06-16T05:35:48.950Z] [INFO][0m Validating deal absent: ADM1781588133601-Deal
[36m[2026-06-16T05:35:48.950Z] [INFO][0m Navigating to Deals List
[36m[2026-06-16T05:35:48.952Z] [INFO][0m Navigating to: https://app-qa.sling-dev.com/sales/deals/list
[36m[2026-06-16T05:35:49.118Z] [INFO][0m Waiting for URL: /deals\/list/
[32m[2026-06-16T05:35:49.127Z] [SUCCESS][0m Deal saved successfully
[32m[2026-06-16T05:35:49.796Z] [SUCCESS][0m Edit button not visible for restricted user on admin deal — RBAC working
  ✓   13 [chromium] › tests/rbac/deals.rbac.spec.ts:160:7 › Deals RBAC › @regression restricted user cannot edit admin-owned deal via direct URL (33.1s)
[36m[2026-06-16T05:35:50.050Z] [INFO][0m Session cache hit for role: restricted (age: 98s) — skipping validation
[36m[2026-06-16T05:35:50.050Z] [INFO][0m Creating authenticated browser context for role: restricted
[32m[2026-06-16T05:35:50.278Z] [SUCCESS][0m On Deals List page
[36m[2026-06-16T05:35:50.278Z] [INFO][0m Searching deal: ADM1781588133601-Deal
[36m[2026-06-16T05:35:50.278Z] [INFO][0m Filling search input with: ADM1781588133601-Deal
[36m[2026-06-16T05:35:50.322Z] [INFO][0m Clicking: search icon
[32m[2026-06-16T05:35:51.737Z] [SUCCESS][0m Deal found
[32m[2026-06-16T05:35:51.737Z] [SUCCESS][0m Deal exists: Deal-Frozen Metal Pants-EGe7
  ✓   11 [chromium] › tests/rbac/deals.rbac.spec.ts:27:7 › Deals RBAC › @regression restricted user can edit own deal (51.2s)
[36m[2026-06-16T05:35:51.832Z] [INFO][0m Session cache hit for role: restricted (age: 101s) — skipping validation
[36m[2026-06-16T05:35:51.832Z] [INFO][0m Creating authenticated browser context for role: restricted
[36m[2026-06-16T05:35:53.913Z] [INFO][0m Navigating to Leads List
[36m[2026-06-16T05:35:53.947Z] [INFO][0m Navigating to: https://app-qa.sling-dev.com/sales/leads/list
[36m[2026-06-16T05:35:54.450Z] [INFO][0m Waiting for URL: /leads\/list/
[36m[2026-06-16T05:35:56.405Z] [INFO][0m Navigating to Leads List
[36m[2026-06-16T05:35:56.434Z] [INFO][0m Navigating to: https://app-qa.sling-dev.com/sales/leads/list
[32m[2026-06-16T05:35:56.777Z] [SUCCESS][0m On Leads List page
[36m[2026-06-16T05:35:56.778Z] [INFO][0m Asserting URL: /leads\/list/
[36m[2026-06-16T05:35:56.985Z] [INFO][0m Waiting for URL: /leads\/list/
  ✓   15 [chromium] › tests/rbac/leads.rbac.spec.ts:7:7 › Leads RBAC › @smoke @regression restricted user can navigate to leads list (10.5s)
[36m[2026-06-16T05:35:57.590Z] [INFO][0m Session cache hit for role: admin (age: 42s) — skipping validation
[36m[2026-06-16T05:35:57.590Z] [INFO][0m Creating authenticated browser context for role: admin
[32m[2026-06-16T05:35:58.675Z] [SUCCESS][0m On Leads List page
[36m[2026-06-16T05:35:58.675Z] [INFO][0m Clicking Add Lead
[36m[2026-06-16T05:35:58.675Z] [INFO][0m Clicking: add lead button
[36m[2026-06-16T05:35:59.924Z] [INFO][0m Navigating to Leads List
[36m[2026-06-16T05:35:59.995Z] [INFO][0m Navigating to: https://app-qa.sling-dev.com/sales/leads/list
[32m[2026-06-16T05:36:00.178Z] [SUCCESS][0m Lead form opened
[36m[2026-06-16T05:36:00.179Z] [INFO][0m Filling lead form
[36m[2026-06-16T05:36:00.266Z] [INFO][0m Disabling Show Required & Important Fields
[36m[2026-06-16T05:36:00.630Z] [INFO][0m Waiting for URL: /leads\/list/
[32m[2026-06-16T05:36:01.696Z] [SUCCESS][0m Toggle disabled
[36m[2026-06-16T05:36:01.696Z] [INFO][0m Filling first name with: Brendan
[36m[2026-06-16T05:36:02.175Z] [INFO][0m Filling last name with: Kuhlman
[36m[2026-06-16T05:36:02.525Z] [INFO][0m Selecting pipeline
[32m[2026-06-16T05:36:02.797Z] [SUCCESS][0m On Leads List page
[36m[2026-06-16T05:36:02.798Z] [INFO][0m Clicking Add Lead
[36m[2026-06-16T05:36:02.798Z] [INFO][0m Clicking: add lead button
[32m[2026-06-16T05:36:02.888Z] [SUCCESS][0m Pipeline selected
[36m[2026-06-16T05:36:02.889Z] [INFO][0m Clicking: add email button
[36m[2026-06-16T05:36:03.463Z] [INFO][0m Filling email with: Brendan_Kuhlman@gmail.com
[36m[2026-06-16T05:36:03.727Z] [INFO][0m Clicking: add phone button
[32m[2026-06-16T05:36:04.499Z] [SUCCESS][0m Lead form opened
[36m[2026-06-16T05:36:04.499Z] [INFO][0m Filling lead form
[36m[2026-06-16T05:36:04.519Z] [INFO][0m Session cache hit for role: restricted (age: 113s) — skipping validation
[36m[2026-06-16T05:36:04.519Z] [INFO][0m Creating authenticated browser context for role: restricted
[36m[2026-06-16T05:36:04.772Z] [INFO][0m Filling phone with: 7920359698
[36m[2026-06-16T05:36:04.974Z] [INFO][0m Filling address with: 3790 College Avenue
[36m[2026-06-16T05:36:05.116Z] [INFO][0m Disabling Show Required & Important Fields
[36m[2026-06-16T05:36:05.165Z] [INFO][0m Filling city with: North Linda
[36m[2026-06-16T05:36:05.342Z] [INFO][0m Filling state with: Utah
[36m[2026-06-16T05:36:05.531Z] [INFO][0m Filling zipcode with: 63265
[36m[2026-06-16T05:36:05.709Z] [INFO][0m Filling facebook with: https://facebook.com/brendan.kuhlman
[36m[2026-06-16T05:36:05.888Z] [INFO][0m Filling twitter with: https://twitter.com/brendan.kuhlman
[36m[2026-06-16T05:36:06.080Z] [INFO][0m Filling linkedin with: https://linkedin.com/in/brendan.kuhlman
[32m[2026-06-16T05:36:06.108Z] [SUCCESS][0m Toggle disabled
[36m[2026-06-16T05:36:06.108Z] [INFO][0m Filling first name with: Verona
[36m[2026-06-16T05:36:06.269Z] [INFO][0m Filling company name with: Trantow Inc
[36m[2026-06-16T05:36:06.273Z] [INFO][0m Filling last name with: Walter
[36m[2026-06-16T05:36:06.427Z] [INFO][0m Filling department with: Sports
[36m[2026-06-16T05:36:06.532Z] [INFO][0m Selecting pipeline
[36m[2026-06-16T05:36:06.642Z] [INFO][0m Filling designation with: Legacy Applications Strategist
[36m[2026-06-16T05:36:06.805Z] [INFO][0m Filling company address with: 5741 Johnson Street
[32m[2026-06-16T05:36:06.832Z] [SUCCESS][0m Pipeline selected
[36m[2026-06-16T05:36:06.833Z] [INFO][0m Clicking: add email button
[36m[2026-06-16T05:36:06.981Z] [INFO][0m Filling company city with: Pearliefurt
[36m[2026-06-16T05:36:07.133Z] [INFO][0m Filling company state with: Arizona
[36m[2026-06-16T05:36:07.201Z] [INFO][0m Filling email with: Verona.Walter@yahoo.com
[36m[2026-06-16T05:36:07.317Z] [INFO][0m Filling company zipcode with: 64154
[36m[2026-06-16T05:36:07.428Z] [INFO][0m Clicking: add phone button
[36m[2026-06-16T05:36:07.470Z] [INFO][0m Selecting pipeline stage: Open
[32m[2026-06-16T05:36:07.609Z] [SUCCESS][0m Deal absent confirmed: ADM1781588133601-Deal
[32m[2026-06-16T05:36:07.777Z] [SUCCESS][0m Pipeline stage selected: Open
[32m[2026-06-16T05:36:07.777Z] [SUCCESS][0m Lead form filled
[36m[2026-06-16T05:36:07.778Z] [INFO][0m Saving lead
[36m[2026-06-16T05:36:07.779Z] [INFO][0m Clicking: save button
  ✓   14 [chromium] › tests/rbac/deals.rbac.spec.ts:190:7 › Deals RBAC › @regression restricted user cannot see admin-owned deal (49.6s)
[36m[2026-06-16T05:36:07.814Z] [INFO][0m Session cache hit for role: restricted (age: 101s) — skipping validation
[36m[2026-06-16T05:36:07.814Z] [INFO][0m Creating authenticated browser context for role: restricted
[36m[2026-06-16T05:36:08.252Z] [INFO][0m Checking for validation errors in lead create form
[36m[2026-06-16T05:36:08.357Z] [INFO][0m Filling phone with: 8413332531
[36m[2026-06-16T05:36:08.528Z] [INFO][0m Filling address with: 9533 Franey Glen
[36m[2026-06-16T05:36:08.697Z] [INFO][0m Filling city with: Fort Nikkiberg
[36m[2026-06-16T05:36:08.840Z] [INFO][0m Filling state with: Wyoming
[32m[2026-06-16T05:36:08.899Z] [SUCCESS][0m Captured lead ID: 699677
[36m[2026-06-16T05:36:09.017Z] [INFO][0m Filling zipcode with: 66957
[36m[2026-06-16T05:36:09.216Z] [INFO][0m Filling facebook with: https://facebook.com/verona.walter
[36m[2026-06-16T05:36:09.402Z] [INFO][0m Filling twitter with: https://twitter.com/verona.walter
[36m[2026-06-16T05:36:09.602Z] [INFO][0m Filling linkedin with: https://linkedin.com/in/verona.walter
[32m[2026-06-16T05:36:09.831Z] [SUCCESS][0m No validation errors found in lead create form
[36m[2026-06-16T05:36:09.831Z] [INFO][0m Waiting for URL: /leads\/list/
[36m[2026-06-16T05:36:09.897Z] [INFO][0m Filling company name with: Kessler LLC
[36m[2026-06-16T05:36:10.091Z] [INFO][0m Filling department with: Computers
[36m[2026-06-16T05:36:10.276Z] [INFO][0m Filling designation with: Principal Integration Officer
[36m[2026-06-16T05:36:10.539Z] [INFO][0m Filling company address with: 47784 Monahan Center
[32m[2026-06-16T05:36:10.614Z] [SUCCESS][0m Lead saved successfully
[36m[2026-06-16T05:36:10.614Z] [INFO][0m Validating lead exists: Brendan
[36m[2026-06-16T05:36:10.614Z] [INFO][0m Search attempt 1/5
[36m[2026-06-16T05:36:10.614Z] [INFO][0m Navigating to Leads List
[36m[2026-06-16T05:36:10.619Z] [INFO][0m Navigating to: https://app-qa.sling-dev.com/sales/leads/list
[36m[2026-06-16T05:36:10.795Z] [INFO][0m Filling company city with: Fort Pierce
[36m[2026-06-16T05:36:10.976Z] [INFO][0m Waiting for URL: /leads\/list/
[36m[2026-06-16T05:36:11.014Z] [INFO][0m Filling company state with: New York
[36m[2026-06-16T05:36:11.283Z] [INFO][0m Filling company zipcode with: 59882
[36m[2026-06-16T05:36:11.557Z] [INFO][0m Selecting pipeline stage: Open
[36m[2026-06-16T05:36:11.591Z] [INFO][0m Navigating to Leads List
[36m[2026-06-16T05:36:11.598Z] [INFO][0m Navigating to: https://app-qa.sling-dev.com/sales/leads/list
[32m[2026-06-16T05:36:12.097Z] [SUCCESS][0m Pipeline stage selected: Open
[32m[2026-06-16T05:36:12.097Z] [SUCCESS][0m Lead form filled
[36m[2026-06-16T05:36:12.098Z] [INFO][0m Saving lead
[36m[2026-06-16T05:36:12.099Z] [INFO][0m Clicking: save button
[36m[2026-06-16T05:36:12.409Z] [INFO][0m Waiting for URL: /leads\/list/
[36m[2026-06-16T05:36:12.922Z] [INFO][0m Checking for validation errors in lead create form
[32m[2026-06-16T05:36:13.017Z] [SUCCESS][0m On Leads List page
[36m[2026-06-16T05:36:13.017Z] [INFO][0m Searching lead: Brendan
[36m[2026-06-16T05:36:13.017Z] [INFO][0m Filling search input with: Brendan
[36m[2026-06-16T05:36:13.239Z] [INFO][0m Clicking: search icon
[32m[2026-06-16T05:36:13.593Z] [SUCCESS][0m Captured lead ID: 699678
[32m[2026-06-16T05:36:14.112Z] [SUCCESS][0m Lead found
[32m[2026-06-16T05:36:14.113Z] [SUCCESS][0m Lead exists: Brendan
[32m[2026-06-16T05:36:14.302Z] [SUCCESS][0m On Leads List page
[36m[2026-06-16T05:36:14.302Z] [INFO][0m Clicking Add Lead
[36m[2026-06-16T05:36:14.303Z] [INFO][0m Clicking: add lead button
[32m[2026-06-16T05:36:14.484Z] [SUCCESS][0m No validation errors found in lead create form
[36m[2026-06-16T05:36:14.485Z] [INFO][0m Waiting for URL: /leads\/list/
  ✓   16 [chromium] › tests/rbac/leads.rbac.spec.ts:13:7 › Leads RBAC › @regression restricted user can create a lead (24.5s)
[36m[2026-06-16T05:36:14.610Z] [INFO][0m Session cache hit for role: restricted (age: 122s) — skipping validation
[36m[2026-06-16T05:36:14.610Z] [INFO][0m Creating authenticated browser context for role: restricted
[36m[2026-06-16T05:36:15.095Z] [INFO][0m Navigating to meetings list
[36m[2026-06-16T05:36:15.095Z] [INFO][0m Navigating to: https://app-qa.sling-dev.com/sales/meetings/list
[32m[2026-06-16T05:36:15.201Z] [SUCCESS][0m Lead form opened
[36m[2026-06-16T05:36:15.201Z] [INFO][0m Filling lead form
[36m[2026-06-16T05:36:15.226Z] [INFO][0m Disabling Show Required & Important Fields
[32m[2026-06-16T05:36:15.706Z] [SUCCESS][0m Lead saved successfully
[36m[2026-06-16T05:36:15.707Z] [INFO][0m Opening lead: Verona
[36m[2026-06-16T05:36:15.707Z] [INFO][0m Search attempt 1/5
[36m[2026-06-16T05:36:15.707Z] [INFO][0m Navigating to Leads List
[36m[2026-06-16T05:36:15.716Z] [INFO][0m Navigating to: https://app-qa.sling-dev.com/sales/leads/list
[32m[2026-06-16T05:36:15.837Z] [SUCCESS][0m Toggle disabled
[36m[2026-06-16T05:36:15.837Z] [INFO][0m Filling first name with: ADM1781588171588
[36m[2026-06-16T05:36:15.994Z] [INFO][0m Waiting for URL: /leads\/list/
[36m[2026-06-16T05:36:16.363Z] [INFO][0m Filling last name with: Goodwin
[35m[2026-06-16T05:36:16.434Z] [DEBUG][0m Meetings list is ready
[32m[2026-06-16T05:36:16.434Z] [SUCCESS][0m On meetings list page
[36m[2026-06-16T05:36:16.434Z] [INFO][0m Asserting URL: /\/sales\/meetings\/list/
[36m[2026-06-16T05:36:16.478Z] [INFO][0m Asserting visible: Meetings heading
[36m[2026-06-16T05:36:16.609Z] [INFO][0m Selecting pipeline
[32m[2026-06-16T05:36:16.895Z] [SUCCESS][0m Pipeline selected
[36m[2026-06-16T05:36:16.896Z] [INFO][0m Clicking: add email button
[36m[2026-06-16T05:36:16.906Z] [INFO][0m Asserting visible: Add button
[32m[2026-06-16T05:36:16.930Z] [SUCCESS][0m Confirmed on meetings list page
  ✓   19 [chromium] › tests/rbac/meetings.rbac.spec.ts:23:7 › Meetings RBAC › @regression restricted user should navigate to meetings list (9.3s)
[36m[2026-06-16T05:36:17.149Z] [INFO][0m Session cache hit for role: restricted (age: 111s) — skipping validation
[36m[2026-06-16T05:36:17.149Z] [INFO][0m Creating authenticated browser context for role: restricted
[36m[2026-06-16T05:36:17.291Z] [INFO][0m Filling email with: adm1781588171588@testkylas.com
[36m[2026-06-16T05:36:17.448Z] [INFO][0m Clicking: add phone button
[32m[2026-06-16T05:36:17.649Z] [SUCCESS][0m On Leads List page
[36m[2026-06-16T05:36:17.649Z] [INFO][0m Searching lead: Verona
[36m[2026-06-16T05:36:17.649Z] [INFO][0m Filling search input with: Verona
[36m[2026-06-16T05:36:17.819Z] [INFO][0m Clicking: search icon
[36m[2026-06-16T05:36:18.254Z] [INFO][0m Filling phone with: 7320214653
[32m[2026-06-16T05:36:18.415Z] [SUCCESS][0m Lead found
[36m[2026-06-16T05:36:18.446Z] [INFO][0m Filling address with: 192 Dare Fields
[36m[2026-06-16T05:36:18.616Z] [INFO][0m Filling city with: Lake Deshaunfurt
[36m[2026-06-16T05:36:18.758Z] [INFO][0m Filling state with: Vermont
[32m[2026-06-16T05:36:18.759Z] [SUCCESS][0m Lead opened: Verona
[36m[2026-06-16T05:36:18.759Z] [INFO][0m Opening edit modal
[36m[2026-06-16T05:36:18.759Z] [INFO][0m Clicking: edit icon
[36m[2026-06-16T05:36:18.881Z] [INFO][0m Filling zipcode with: 04239
[36m[2026-06-16T05:36:18.985Z] [INFO][0m Filling facebook with: https://facebook.com/adm1781588171588.goodwin
[36m[2026-06-16T05:36:19.149Z] [INFO][0m Filling twitter with: https://twitter.com/adm1781588171588.goodwin
[32m[2026-06-16T05:36:19.250Z] [SUCCESS][0m Edit modal opened
[36m[2026-06-16T05:36:19.250Z] [INFO][0m Updating lead form
[36m[2026-06-16T05:36:19.250Z] [INFO][0m Filling first name with: Maggie
[36m[2026-06-16T05:36:19.308Z] [INFO][0m Filling linkedin with: https://linkedin.com/in/adm1781588171588.goodwin
[36m[2026-06-16T05:36:19.491Z] [INFO][0m Filling company name with: Schoen - Wuckert
[36m[2026-06-16T05:36:19.652Z] [INFO][0m Filling department with: Clothing
[36m[2026-06-16T05:36:19.822Z] [INFO][0m Filling designation with: National Identity Representative
[36m[2026-06-16T05:36:19.968Z] [INFO][0m Filling company address with: 28826 Hodkiewicz Expressway
[36m[2026-06-16T05:36:20.160Z] [INFO][0m Filling last name with: Stark
[36m[2026-06-16T05:36:20.167Z] [INFO][0m Filling company city with: League City
[36m[2026-06-16T05:36:20.343Z] [INFO][0m Filling company state with: Delaware
[36m[2026-06-16T05:36:20.488Z] [INFO][0m Filling company zipcode with: 87666
[32m[2026-06-16T05:36:20.584Z] [SUCCESS][0m Edit form updated
[36m[2026-06-16T05:36:20.585Z] [INFO][0m Saving updated lead
[36m[2026-06-16T05:36:20.585Z] [INFO][0m Clicking: save button
[36m[2026-06-16T05:36:20.686Z] [INFO][0m Selecting pipeline stage: Open
[32m[2026-06-16T05:36:20.948Z] [SUCCESS][0m Pipeline stage selected: Open
[32m[2026-06-16T05:36:20.948Z] [SUCCESS][0m Lead form filled
[36m[2026-06-16T05:36:20.948Z] [INFO][0m Saving lead
[36m[2026-06-16T05:36:20.949Z] [INFO][0m Clicking: save button
[36m[2026-06-16T05:36:20.999Z] [INFO][0m Checking for validation errors in lead edit form
[36m[2026-06-16T05:36:21.358Z] [INFO][0m Checking for validation errors in lead create form
[36m[2026-06-16T05:36:21.652Z] [INFO][0m Navigating to meetings list
[36m[2026-06-16T05:36:21.652Z] [INFO][0m Navigating to: https://app-qa.sling-dev.com/sales/meetings/list
[32m[2026-06-16T05:36:21.945Z] [SUCCESS][0m Captured lead ID: 699679
[32m[2026-06-16T05:36:22.573Z] [SUCCESS][0m No validation errors found in lead edit form
[32m[2026-06-16T05:36:22.603Z] [SUCCESS][0m Lead updated
[36m[2026-06-16T05:36:22.603Z] [INFO][0m Navigating to Leads List
[36m[2026-06-16T05:36:22.607Z] [INFO][0m Navigating to: https://app-qa.sling-dev.com/sales/leads/list
[35m[2026-06-16T05:36:22.835Z] [DEBUG][0m Meetings list is ready
[32m[2026-06-16T05:36:22.836Z] [SUCCESS][0m On meetings list page
[36m[2026-06-16T05:36:22.836Z] [INFO][0m Creating meeting: "RST1781588181651 Meeting" as Restricted
[36m[2026-06-16T05:36:22.836Z] [INFO][0m Clicking: Add button
[32m[2026-06-16T05:36:22.912Z] [SUCCESS][0m No validation errors found in lead create form
[36m[2026-06-16T05:36:22.912Z] [INFO][0m Waiting for URL: /leads\/list/
[36m[2026-06-16T05:36:22.943Z] [INFO][0m Waiting for URL: /leads\/list/
[32m[2026-06-16T05:36:23.113Z] [SUCCESS][0m Lead saved successfully
[36m[2026-06-16T05:36:23.113Z] [INFO][0m Navigating to Leads List
[36m[2026-06-16T05:36:23.118Z] [INFO][0m Navigating to: https://app-qa.sling-dev.com/sales/leads/list
[36m[2026-06-16T05:36:23.880Z] [INFO][0m Waiting for URL: /leads\/list/
[36m[2026-06-16T05:36:24.288Z] [INFO][0m Filling meeting form title: "RST1781588181651 Meeting"
[36m[2026-06-16T05:36:24.288Z] [INFO][0m Filling Meeting title with: RST1781588181651 Meeting
[36m[2026-06-16T05:36:24.531Z] [INFO][0m Selecting meeting date: Fri Jun 19 2026
[36m[2026-06-16T05:36:24.967Z] [INFO][0m Navigating to meetings list
[36m[2026-06-16T05:36:24.968Z] [INFO][0m Navigating to: https://app-qa.sling-dev.com/sales/meetings/list
[32m[2026-06-16T05:36:25.135Z] [SUCCESS][0m On Leads List page
[36m[2026-06-16T05:36:25.136Z] [INFO][0m Validating lead exists: Maggie
[36m[2026-06-16T05:36:25.136Z] [INFO][0m Search attempt 1/5
[36m[2026-06-16T05:36:25.136Z] [INFO][0m Navigating to Leads List
[36m[2026-06-16T05:36:25.161Z] [INFO][0m Navigating to: https://app-qa.sling-dev.com/sales/leads/list
[36m[2026-06-16T05:36:25.204Z] [INFO][0m Calendar opened
[32m[2026-06-16T05:36:25.317Z] [SUCCESS][0m Meeting date selected: Fri Jun 19 2026
[36m[2026-06-16T05:36:25.317Z] [INFO][0m Setting from time to 11:15 am
[36m[2026-06-16T05:36:25.655Z] [INFO][0m Waiting for URL: /leads\/list/
[35m[2026-06-16T05:36:26.375Z] [DEBUG][0m from time set
[36m[2026-06-16T05:36:26.375Z] [INFO][0m Setting to time to 01:15 pm
[35m[2026-06-16T05:36:26.509Z] [DEBUG][0m Meetings list is ready
[32m[2026-06-16T05:36:26.509Z] [SUCCESS][0m On meetings list page
[36m[2026-06-16T05:36:26.510Z] [INFO][0m Creating meeting: "RST1781588184965 Meeting" as Restricted
[36m[2026-06-16T05:36:26.510Z] [INFO][0m Clicking: Add button
[32m[2026-06-16T05:36:26.867Z] [SUCCESS][0m On Leads List page
[36m[2026-06-16T05:36:26.867Z] [INFO][0m Validating lead absent: ADM1781588171588
[36m[2026-06-16T05:36:26.867Z] [INFO][0m Navigating to Leads List
[36m[2026-06-16T05:36:26.936Z] [INFO][0m Navigating to: https://app-qa.sling-dev.com/sales/leads/list
[36m[2026-06-16T05:36:27.370Z] [INFO][0m Waiting for URL: /leads\/list/
[35m[2026-06-16T05:36:27.484Z] [DEBUG][0m to time set
[36m[2026-06-16T05:36:27.484Z] [INFO][0m Timezone left as default GMT+05:30
[36m[2026-06-16T05:36:27.484Z] [INFO][0m Status left as default Scheduled
[32m[2026-06-16T05:36:27.637Z] [SUCCESS][0m On Leads List page
[36m[2026-06-16T05:36:27.637Z] [INFO][0m Searching lead: Maggie
[36m[2026-06-16T05:36:27.637Z] [INFO][0m Filling search input with: Maggie
[36m[2026-06-16T05:36:27.867Z] [INFO][0m Clicking: search icon
[36m[2026-06-16T05:36:27.999Z] [INFO][0m Invitee added by Restricted
[36m[2026-06-16T05:36:28.000Z] [INFO][0m Filling Related To - all entity types
[36m[2026-06-16T05:36:28.000Z] [INFO][0m Selecting entity type: Lead
[36m[2026-06-16T05:36:28.276Z] [INFO][0m Filling meeting form title: "RST1781588184965 Meeting"
[36m[2026-06-16T05:36:28.276Z] [INFO][0m Filling Meeting title with: RST1781588184965 Meeting
[36m[2026-06-16T05:36:28.453Z] [INFO][0m Selecting meeting date: Fri Jun 19 2026
[32m[2026-06-16T05:36:28.768Z] [SUCCESS][0m Lead found
[32m[2026-06-16T05:36:28.769Z] [SUCCESS][0m Lead exists: Maggie
[36m[2026-06-16T05:36:29.060Z] [INFO][0m Calendar opened
[32m[2026-06-16T05:36:29.180Z] [SUCCESS][0m Meeting date selected: Fri Jun 19 2026
[36m[2026-06-16T05:36:29.180Z] [INFO][0m Setting from time to 11:15 am
  ✓   17 [chromium] › tests/rbac/leads.rbac.spec.ts:22:7 › Leads RBAC › @regression restricted user can edit own lead (37.4s)
[36m[2026-06-16T05:36:29.230Z] [INFO][0m Existing storage state found for role: admin
[36m[2026-06-16T05:36:29.340Z] [INFO][0m Validating existing session
[32m[2026-06-16T05:36:29.589Z] [SUCCESS][0m On Leads List page
[36m[2026-06-16T05:36:29.589Z] [INFO][0m Searching lead: ADM1781588171588
[36m[2026-06-16T05:36:29.589Z] [INFO][0m Filling search input with: ADM1781588171588
[36m[2026-06-16T05:36:29.896Z] [INFO][0m Clicking: search icon
[35m[2026-06-16T05:36:30.261Z] [DEBUG][0m from time set
[36m[2026-06-16T05:36:30.261Z] [INFO][0m Setting to time to 01:15 pm
[36m[2026-06-16T05:36:31.126Z] [INFO][0m Options count for Lead: 25
[35m[2026-06-16T05:36:31.236Z] [DEBUG][0m to time set
[36m[2026-06-16T05:36:31.236Z] [INFO][0m Timezone left as default GMT+05:30
[36m[2026-06-16T05:36:31.236Z] [INFO][0m Status left as default Scheduled
[32m[2026-06-16T05:36:31.552Z] [SUCCESS][0m Selected Lead (2/25): Brendan Kuhlman
[36m[2026-06-16T05:36:31.772Z] [INFO][0m Invitee added by Restricted
[36m[2026-06-16T05:36:31.772Z] [INFO][0m Filling Related To - all entity types
[36m[2026-06-16T05:36:31.772Z] [INFO][0m Selecting entity type: Lead
[36m[2026-06-16T05:36:32.153Z] [INFO][0m Selecting entity type: Contact
[36m[2026-06-16T05:36:32.431Z] [INFO][0m Session validation URL: https://app-qa.sling-dev.com/sales/home
[36m[2026-06-16T05:36:32.570Z] [INFO][0m Session is still valid for role: admin
[36m[2026-06-16T05:36:32.570Z] [INFO][0m Creating authenticated browser context for role: admin
[36m[2026-06-16T05:36:34.836Z] [INFO][0m Options count for Lead: 25
[36m[2026-06-16T05:36:35.225Z] [INFO][0m Options count for Contact: 10
[32m[2026-06-16T05:36:35.238Z] [SUCCESS][0m Selected Lead (2/25): Brendan Kuhlman
[32m[2026-06-16T05:36:35.620Z] [SUCCESS][0m Selected Contact (2/10): Simone Herzog
[36m[2026-06-16T05:36:35.840Z] [INFO][0m Selecting entity type: Contact
[36m[2026-06-16T05:36:36.223Z] [INFO][0m Selecting entity type: Deal
[36m[2026-06-16T05:36:38.771Z] [INFO][0m Session cache hit for role: restricted (age: 148s) — skipping validation
[36m[2026-06-16T05:36:38.771Z] [INFO][0m Creating authenticated browser context for role: restricted
[36m[2026-06-16T05:36:38.858Z] [INFO][0m Options count for Contact: 10
[36m[2026-06-16T05:36:39.245Z] [INFO][0m Options count for Deal: 10
[32m[2026-06-16T05:36:39.267Z] [SUCCESS][0m Selected Contact (2/10): Simone Herzog
[32m[2026-06-16T05:36:39.677Z] [SUCCESS][0m Selected Deal (5/10): Deal-Fantastic Plastic Ball-MY9D
[36m[2026-06-16T05:36:39.868Z] [INFO][0m Selecting entity type: Deal
[36m[2026-06-16T05:36:40.279Z] [INFO][0m Selecting entity type: Company
[36m[2026-06-16T05:36:43.004Z] [INFO][0m Options count for Deal: 10
[36m[2026-06-16T05:36:43.419Z] [INFO][0m Options count for Company: 11
[32m[2026-06-16T05:36:43.482Z] [SUCCESS][0m Selected Deal (4/10): Deal-Generic Silk Car-FTiU
[32m[2026-06-16T05:36:43.854Z] [SUCCESS][0m Selected Company (4/11): McCullough - Zieme-Sipes-1781531317898
[36m[2026-06-16T05:36:44.085Z] [INFO][0m Selecting entity type: Company
[36m[2026-06-16T05:36:44.459Z] [INFO][0m Trying medium: Google Meet
[32m[2026-06-16T05:36:44.928Z] [SUCCESS][0m Lead absent confirmed: ADM1781588171588
  ✓   18 [chromium] › tests/rbac/leads.rbac.spec.ts:33:7 › Leads RBAC › @regression restricted user cannot edit an admin-owned lead (47.5s)
[36m[2026-06-16T05:36:45.104Z] [INFO][0m Session cache hit for role: admin (age: 90s) — skipping validation
[36m[2026-06-16T05:36:45.104Z] [INFO][0m Creating authenticated browser context for role: admin
[36m[2026-06-16T05:36:45.400Z] [INFO][0m Navigating to meetings list
[36m[2026-06-16T05:36:45.400Z] [INFO][0m Navigating to: https://app-qa.sling-dev.com/sales/meetings/list
[36m[2026-06-16T05:36:46.124Z] [INFO][0m Medium input value: GOOGLE
[33m[2026-06-16T05:36:46.127Z] [WARN][0m Google Meet - no calendar connected, trying next
[36m[2026-06-16T05:36:46.128Z] [INFO][0m Trying medium: Outlook Calendar
[35m[2026-06-16T05:36:46.257Z] [DEBUG][0m Meetings list is ready
[32m[2026-06-16T05:36:46.257Z] [SUCCESS][0m On meetings list page
[36m[2026-06-16T05:36:46.257Z] [INFO][0m Creating meeting: "ADM1781588205399 Meeting" as Admin
[36m[2026-06-16T05:36:46.259Z] [INFO][0m Clicking: Add button
[36m[2026-06-16T05:36:47.160Z] [INFO][0m Options count for Company: 11
[36m[2026-06-16T05:36:47.165Z] [INFO][0m Filling meeting form title: "ADM1781588205399 Meeting"
[36m[2026-06-16T05:36:47.165Z] [INFO][0m Filling Meeting title with: ADM1781588205399 Meeting
[36m[2026-06-16T05:36:47.266Z] [INFO][0m Selecting meeting date: Fri Jun 19 2026
[36m[2026-06-16T05:36:47.400Z] [INFO][0m Calendar opened
[32m[2026-06-16T05:36:47.598Z] [SUCCESS][0m Meeting date selected: Fri Jun 19 2026
[36m[2026-06-16T05:36:47.598Z] [INFO][0m Setting from time to 11:15 am
[32m[2026-06-16T05:36:47.603Z] [SUCCESS][0m Selected Company (2/11): Roob, Hermann and Jaskolski-1781588074169
[36m[2026-06-16T05:36:47.796Z] [INFO][0m Medium input value: MICROSOFT
[33m[2026-06-16T05:36:47.801Z] [WARN][0m Outlook Calendar - no calendar connected, trying next
[33m[2026-06-16T05:36:47.801Z] [WARN][0m No online calendar connected — falling back to Offline
[36m[2026-06-16T05:36:48.204Z] [INFO][0m Trying medium: Outlook Calendar
[35m[2026-06-16T05:36:48.633Z] [DEBUG][0m from time set
[36m[2026-06-16T05:36:48.633Z] [INFO][0m Setting to time to 01:15 pm
[32m[2026-06-16T05:36:48.911Z] [SUCCESS][0m Selected medium: Offline (fallback)
[36m[2026-06-16T05:36:48.912Z] [INFO][0m Medium resolved to: OFFLINE
[36m[2026-06-16T05:36:48.912Z] [INFO][0m Filling location field
[35m[2026-06-16T05:36:49.583Z] [DEBUG][0m to time set
[36m[2026-06-16T05:36:49.583Z] [INFO][0m Timezone left as default GMT+05:30
[36m[2026-06-16T05:36:49.583Z] [INFO][0m Status left as default Scheduled
[36m[2026-06-16T05:36:49.583Z] [INFO][0m Skipping invitee — no extra invitee added
[36m[2026-06-16T05:36:49.583Z] [INFO][0m Skipping Related To — skipRelatedTo=true
[36m[2026-06-16T05:36:49.583Z] [INFO][0m Trying medium: Google Meet
[36m[2026-06-16T05:36:49.874Z] [INFO][0m Medium input value: MICROSOFT
[33m[2026-06-16T05:36:49.881Z] [WARN][0m Outlook Calendar - no calendar connected, trying next
[36m[2026-06-16T05:36:49.881Z] [INFO][0m Trying medium: Google Meet
[36m[2026-06-16T05:36:51.278Z] [INFO][0m Medium input value: GOOGLE
[33m[2026-06-16T05:36:51.287Z] [WARN][0m Google Meet - no calendar connected, trying next
[36m[2026-06-16T05:36:51.287Z] [INFO][0m Trying medium: Outlook Calendar
[36m[2026-06-16T05:36:51.554Z] [INFO][0m Medium input value: GOOGLE
[33m[2026-06-16T05:36:51.558Z] [WARN][0m Google Meet - no calendar connected, trying next
[33m[2026-06-16T05:36:51.559Z] [WARN][0m No online calendar connected — falling back to Offline
[36m[2026-06-16T05:36:51.653Z] [INFO][0m Session cache hit for role: restricted (age: 160s) — skipping validation
[36m[2026-06-16T05:36:51.653Z] [INFO][0m Creating authenticated browser context for role: restricted
[32m[2026-06-16T05:36:51.950Z] [SUCCESS][0m GPS address selected
[36m[2026-06-16T05:36:52.052Z] [INFO][0m Description filled
[36m[2026-06-16T05:36:52.052Z] [INFO][0m Saving meeting
[36m[2026-06-16T05:36:52.174Z] [INFO][0m Checking for validation errors in meeting create form
[32m[2026-06-16T05:36:52.660Z] [SUCCESS][0m Selected medium: Offline (fallback)
[36m[2026-06-16T05:36:52.660Z] [INFO][0m Medium resolved to: OFFLINE
[36m[2026-06-16T05:36:52.661Z] [INFO][0m Filling location field
[36m[2026-06-16T05:36:52.929Z] [INFO][0m Medium input value: MICROSOFT
[33m[2026-06-16T05:36:52.935Z] [WARN][0m Outlook Calendar - no calendar connected, trying next
[33m[2026-06-16T05:36:52.935Z] [WARN][0m No online calendar connected — falling back to Offline
[36m[2026-06-16T05:36:53.315Z] [INFO][0m Captured meeting ID: 72154
[32m[2026-06-16T05:36:53.765Z] [SUCCESS][0m No validation errors found in meeting create form
[32m[2026-06-16T05:36:54.124Z] [SUCCESS][0m Selected medium: Offline (fallback)
[36m[2026-06-16T05:36:54.124Z] [INFO][0m Medium resolved to: OFFLINE
[36m[2026-06-16T05:36:54.125Z] [INFO][0m Filling location field
[32m[2026-06-16T05:36:55.717Z] [SUCCESS][0m GPS address selected
[36m[2026-06-16T05:36:55.860Z] [INFO][0m Description filled
[36m[2026-06-16T05:36:55.860Z] [INFO][0m Saving meeting
[36m[2026-06-16T05:36:55.984Z] [INFO][0m Checking for validation errors in meeting create form
[32m[2026-06-16T05:36:56.352Z] [SUCCESS][0m Clicked meeting popup
[32m[2026-06-16T05:36:56.353Z] [SUCCESS][0m Meeting "RST1781588181651 Meeting" created
[36m[2026-06-16T05:36:56.353Z] [INFO][0m Verifying meeting via ID: 72154
[36m[2026-06-16T05:36:56.353Z] [INFO][0m Navigating to meeting by ID: 72154
[36m[2026-06-16T05:36:56.353Z] [INFO][0m Navigating to: https://app-qa.sling-dev.com/sales/meetings/list?id=72154
[36m[2026-06-16T05:36:56.765Z] [INFO][0m Captured meeting ID: 72155
[35m[2026-06-16T05:36:57.031Z] [DEBUG][0m Meetings list is ready
[32m[2026-06-16T05:36:57.198Z] [SUCCESS][0m GPS address selected
[36m[2026-06-16T05:36:57.309Z] [INFO][0m Description filled
[36m[2026-06-16T05:36:57.310Z] [INFO][0m Saving meeting
[32m[2026-06-16T05:36:57.365Z] [SUCCESS][0m Meeting ID 72154 confirmed via direct URL navigation
[32m[2026-06-16T05:36:57.366Z] [SUCCESS][0m Meeting verified via ID: 72154
[36m[2026-06-16T05:36:57.366Z] [INFO][0m Opening meeting from list: "RST1781588181651 Meeting"
[36m[2026-06-16T05:36:57.448Z] [INFO][0m Checking for validation errors in meeting create form
[32m[2026-06-16T05:36:57.598Z] [SUCCESS][0m No validation errors found in meeting create form
[36m[2026-06-16T05:36:57.744Z] [INFO][0m Captured meeting ID: 72156
[32m[2026-06-16T05:36:58.227Z] [SUCCESS][0m Meeting "RST1781588181651 Meeting" opened
[32m[2026-06-16T05:36:58.237Z] [SUCCESS][0m Meeting detail title confirmed: "RST1781588181651 Meeting (#72154)"
[36m[2026-06-16T05:36:58.326Z] [INFO][0m Asserting visible: Edit option in dropdown
[32m[2026-06-16T05:36:58.342Z] [SUCCESS][0m Edit option confirmed in menu
[36m[2026-06-16T05:36:58.452Z] [INFO][0m Navigating to meetings list
[36m[2026-06-16T05:36:58.452Z] [INFO][0m Navigating to: https://app-qa.sling-dev.com/sales/meetings/list
  ✓   20 [chromium] › tests/rbac/meetings.rbac.spec.ts:32:7 › Meetings RBAC › @regression restricted user should create their own meeting (44.1s)
[36m[2026-06-16T05:36:58.729Z] [INFO][0m Session cache hit for role: restricted (age: 167s) — skipping validation
[36m[2026-06-16T05:36:58.730Z] [INFO][0m Creating authenticated browser context for role: restricted
[32m[2026-06-16T05:36:58.989Z] [SUCCESS][0m No validation errors found in meeting create form
[35m[2026-06-16T05:36:59.641Z] [DEBUG][0m Meetings list is ready
[32m[2026-06-16T05:36:59.642Z] [SUCCESS][0m On meetings list page
[36m[2026-06-16T05:36:59.644Z] [INFO][0m Creating meeting: "ADM1781588218451 Meeting" as Admin
[36m[2026-06-16T05:36:59.644Z] [INFO][0m Clicking: Add button
[32m[2026-06-16T05:37:00.212Z] [SUCCESS][0m Clicked meeting popup
[32m[2026-06-16T05:37:00.213Z] [SUCCESS][0m Meeting "RST1781588184965 Meeting" created
[36m[2026-06-16T05:37:00.213Z] [INFO][0m Verifying meeting via ID: 72155
[36m[2026-06-16T05:37:00.213Z] [INFO][0m Navigating to meeting by ID: 72155
[36m[2026-06-16T05:37:00.213Z] [INFO][0m Navigating to: https://app-qa.sling-dev.com/sales/meetings/list?id=72155
[36m[2026-06-16T05:37:01.447Z] [INFO][0m Filling meeting form title: "ADM1781588218451 Meeting"
[36m[2026-06-16T05:37:01.447Z] [INFO][0m Filling Meeting title with: ADM1781588218451 Meeting
[35m[2026-06-16T05:37:01.517Z] [DEBUG][0m Meetings list is ready
[32m[2026-06-16T05:37:01.610Z] [SUCCESS][0m Clicked meeting popup
[32m[2026-06-16T05:37:01.612Z] [SUCCESS][0m Meeting "ADM1781588205399 Meeting" created
[36m[2026-06-16T05:37:01.612Z] [INFO][0m Verifying meeting via ID: 72156
[36m[2026-06-16T05:37:01.613Z] [INFO][0m Navigating to meeting by ID: 72156
[36m[2026-06-16T05:37:01.613Z] [INFO][0m Navigating to: https://app-qa.sling-dev.com/sales/meetings/list?id=72156
[36m[2026-06-16T05:37:01.723Z] [INFO][0m Selecting meeting date: Fri Jun 19 2026
[32m[2026-06-16T05:37:01.860Z] [SUCCESS][0m Meeting ID 72155 confirmed via direct URL navigation
[32m[2026-06-16T05:37:01.861Z] [SUCCESS][0m Meeting verified via ID: 72155
[36m[2026-06-16T05:37:01.861Z] [INFO][0m Rescheduling meeting: "RST1781588184965 Meeting"
[36m[2026-06-16T05:37:01.862Z] [INFO][0m Looking for meeting "RST1781588184965 Meeting" in list — attempt 1/8
[32m[2026-06-16T05:37:01.905Z] [SUCCESS][0m Meeting "RST1781588184965 Meeting" found in list
[36m[2026-06-16T05:37:01.905Z] [INFO][0m Opening meeting from list: "RST1781588184965 Meeting"
[32m[2026-06-16T05:37:03.032Z] [SUCCESS][0m Meeting "RST1781588184965 Meeting" opened
[36m[2026-06-16T05:37:03.075Z] [INFO][0m Calendar opened
[32m[2026-06-16T05:37:03.898Z] [SUCCESS][0m Meeting date selected: Fri Jun 19 2026
[36m[2026-06-16T05:37:03.910Z] [INFO][0m Setting from time to 11:15 am
[35m[2026-06-16T05:37:06.305Z] [DEBUG][0m Meetings list is ready
[35m[2026-06-16T05:37:06.830Z] [DEBUG][0m from time set
[36m[2026-06-16T05:37:06.830Z] [INFO][0m Setting to time to 01:15 pm
[32m[2026-06-16T05:37:07.110Z] [SUCCESS][0m Meeting ID 72156 confirmed via direct URL navigation
[32m[2026-06-16T05:37:07.110Z] [SUCCESS][0m Meeting verified via ID: 72156
[36m[2026-06-16T05:37:07.110Z] [INFO][0m Navigating to meetings list
[36m[2026-06-16T05:37:07.110Z] [INFO][0m Navigating to: https://app-qa.sling-dev.com/sales/meetings/list
[36m[2026-06-16T05:37:08.034Z] [INFO][0m Reschedule form opened
[36m[2026-06-16T05:37:09.023Z] [INFO][0m Navigating to meetings list
[36m[2026-06-16T05:37:09.032Z] [INFO][0m Navigating to: https://app-qa.sling-dev.com/sales/meetings/list

[MiscError] [REQUESTFAILED] net::ERR_ABORTED
            URL: https://api-qa.sling-dev.com/v1/picklists/standard
            Test: @regression restricted user should reschedule their own meeting
            Time: 2026-06-16T05:37:09.514Z

[35m[2026-06-16T05:37:10.040Z] [DEBUG][0m to time set
[36m[2026-06-16T05:37:10.040Z] [INFO][0m Timezone left as default GMT+05:30
[36m[2026-06-16T05:37:10.040Z] [INFO][0m Status left as default Scheduled
[36m[2026-06-16T05:37:10.765Z] [INFO][0m Invitee added by Admin
[36m[2026-06-16T05:37:10.773Z] [INFO][0m Filling Related To - all entity types
[36m[2026-06-16T05:37:10.773Z] [INFO][0m Selecting entity type: Lead
[32m[2026-06-16T05:37:12.052Z] [SUCCESS][0m Reschedule date selected: Sat Jun 20 2026
[35m[2026-06-16T05:37:12.652Z] [DEBUG][0m Meetings list is ready
[32m[2026-06-16T05:37:12.655Z] [SUCCESS][0m On meetings list page
[36m[2026-06-16T05:37:12.658Z] [INFO][0m Creating meeting: "RST1781588228963 Meeting" as Restricted
[36m[2026-06-16T05:37:12.662Z] [INFO][0m Clicking: Add button
[35m[2026-06-16T05:37:13.138Z] [DEBUG][0m Meetings list is ready
[32m[2026-06-16T05:37:13.139Z] [SUCCESS][0m On meetings list page
[36m[2026-06-16T05:37:13.152Z] [INFO][0m Asserting meeting ID 72156 not accessible to current user
[36m[2026-06-16T05:37:13.153Z] [INFO][0m Navigating to: https://app-qa.sling-dev.com/sales/meetings/list?id=72156

[MiscError] [REQUESTFAILED] net::ERR_ABORTED
            URL: https://api-qa.sling-dev.com/v1/meetings/layout/list
            Test: @regression restricted user should not see admin-owned meeting when not invited
            Time: 2026-06-16T05:37:13.407Z

[32m[2026-06-16T05:37:13.858Z] [SUCCESS][0m Meeting "RST1781588184965 Meeting" rescheduled
[36m[2026-06-16T05:37:13.858Z] [INFO][0m Verifying meeting via ID: 72155
[36m[2026-06-16T05:37:13.858Z] [INFO][0m Navigating to meeting by ID: 72155
[36m[2026-06-16T05:37:13.859Z] [INFO][0m Navigating to: https://app-qa.sling-dev.com/sales/meetings/list?id=72155
[36m[2026-06-16T05:37:14.707Z] [INFO][0m Options count for Lead: 25
[32m[2026-06-16T05:37:15.374Z] [SUCCESS][0m Selected Lead (4/25): Geneva Gulgowski
[36m[2026-06-16T05:37:16.002Z] [INFO][0m Selecting entity type: Contact
[35m[2026-06-16T05:37:16.471Z] [DEBUG][0m Meetings list is ready
[32m[2026-06-16T05:37:16.800Z] [SUCCESS][0m Meeting ID 72155 confirmed via direct URL navigation
[32m[2026-06-16T05:37:16.800Z] [SUCCESS][0m Meeting verified via ID: 72155
[36m[2026-06-16T05:37:16.800Z] [INFO][0m Updating meeting "RST1781588184965 Meeting" to "EDITED-RST1781588184965 Meeting"
[36m[2026-06-16T05:37:16.800Z] [INFO][0m Looking for meeting "RST1781588184965 Meeting" in list — attempt 1/8
[32m[2026-06-16T05:37:16.836Z] [SUCCESS][0m Meeting "RST1781588184965 Meeting" found in list
[36m[2026-06-16T05:37:16.836Z] [INFO][0m Opening meeting from list: "RST1781588184965 Meeting"
[32m[2026-06-16T05:37:16.879Z] [SUCCESS][0m Meeting ID 72156 correctly blocked — "No meetings found" confirmed
[36m[2026-06-16T05:37:17.382Z] [INFO][0m Filling meeting form title: "RST1781588228963 Meeting"
[36m[2026-06-16T05:37:17.383Z] [INFO][0m Filling Meeting title with: RST1781588228963 Meeting
  ✓   22 [chromium] › tests/rbac/meetings.rbac.spec.ts:87:7 › Meetings RBAC › @regression restricted user should not see admin-owned meeting when not invited (48.1s)
[36m[2026-06-16T05:37:17.452Z] [INFO][0m Session cache hit for role: admin (age: 45s) — skipping validation
[36m[2026-06-16T05:37:17.452Z] [INFO][0m Creating authenticated browser context for role: admin
[36m[2026-06-16T05:37:17.673Z] [INFO][0m Selecting meeting date: Fri Jun 19 2026
[32m[2026-06-16T05:37:17.809Z] [SUCCESS][0m Meeting "RST1781588184965 Meeting" opened
[36m[2026-06-16T05:37:18.080Z] [INFO][0m Calendar opened
[32m[2026-06-16T05:37:18.137Z] [SUCCESS][0m Edit form opened
[36m[2026-06-16T05:37:18.138Z] [INFO][0m Editing meeting new title: "EDITED-RST1781588184965 Meeting"
[32m[2026-06-16T05:37:18.552Z] [SUCCESS][0m Meeting date selected: Fri Jun 19 2026
[36m[2026-06-16T05:37:18.552Z] [INFO][0m Setting from time to 11:15 am
[36m[2026-06-16T05:37:19.296Z] [INFO][0m Saving edited meeting
[36m[2026-06-16T05:37:19.300Z] [INFO][0m Options count for Contact: 10
[35m[2026-06-16T05:37:19.663Z] [DEBUG][0m from time set
[36m[2026-06-16T05:37:19.663Z] [INFO][0m Setting to time to 01:15 pm
[32m[2026-06-16T05:37:19.802Z] [SUCCESS][0m Selected Contact (5/10): Cecil Runte
[36m[2026-06-16T05:37:20.406Z] [INFO][0m Selecting entity type: Deal
[35m[2026-06-16T05:37:20.643Z] [DEBUG][0m to time set
[36m[2026-06-16T05:37:20.643Z] [INFO][0m Timezone left as default GMT+05:30
[36m[2026-06-16T05:37:20.643Z] [INFO][0m Status left as default Scheduled
[36m[2026-06-16T05:37:21.108Z] [INFO][0m Invitee added by Restricted
[36m[2026-06-16T05:37:21.108Z] [INFO][0m Filling Related To - all entity types
[36m[2026-06-16T05:37:21.108Z] [INFO][0m Selecting entity type: Lead
[32m[2026-06-16T05:37:21.297Z] [SUCCESS][0m Meeting edit saved
[32m[2026-06-16T05:37:21.298Z] [SUCCESS][0m Meeting updated to "EDITED-RST1781588184965 Meeting"
[36m[2026-06-16T05:37:21.298Z] [INFO][0m Verifying meeting via ID: 72155
[36m[2026-06-16T05:37:21.298Z] [INFO][0m Navigating to meeting by ID: 72155
[36m[2026-06-16T05:37:21.298Z] [INFO][0m Navigating to: https://app-qa.sling-dev.com/sales/meetings/list?id=72155
[35m[2026-06-16T05:37:22.079Z] [DEBUG][0m Meetings list is ready
[32m[2026-06-16T05:37:22.363Z] [SUCCESS][0m Meeting ID 72155 confirmed via direct URL navigation
[32m[2026-06-16T05:37:22.363Z] [SUCCESS][0m Meeting verified via ID: 72155
[36m[2026-06-16T05:37:22.363Z] [INFO][0m Opening meeting from list: "EDITED-RST1781588184965 Meeting"
[32m[2026-06-16T05:37:23.313Z] [SUCCESS][0m Meeting "EDITED-RST1781588184965 Meeting" opened
[32m[2026-06-16T05:37:23.331Z] [SUCCESS][0m Meeting detail title confirmed: "EDITED-RST1781588184965 Meeting (#72155)"
[36m[2026-06-16T05:37:23.331Z] [INFO][0m Marking meeting as Conducted via ellipsis menu
[36m[2026-06-16T05:37:23.482Z] [INFO][0m Options count for Deal: 10
[32m[2026-06-16T05:37:23.941Z] [SUCCESS][0m Selected Deal (5/10): Deal-Tasty Gold Bacon-U7x0
[36m[2026-06-16T05:37:24.220Z] [INFO][0m Options count for Lead: 25
[36m[2026-06-16T05:37:24.454Z] [INFO][0m Session cache hit for role: restricted (age: 193s) — skipping validation
[36m[2026-06-16T05:37:24.454Z] [INFO][0m Creating authenticated browser context for role: restricted
[36m[2026-06-16T05:37:24.544Z] [INFO][0m Selecting entity type: Company
[32m[2026-06-16T05:37:24.561Z] [SUCCESS][0m Meeting marked as Conducted
[36m[2026-06-16T05:37:24.561Z] [INFO][0m Asserting meeting status: Conducted
[32m[2026-06-16T05:37:24.606Z] [SUCCESS][0m Meeting status confirmed: Conducted
[32m[2026-06-16T05:37:24.713Z] [SUCCESS][0m Selected Lead (3/25): Avis Wunsch
  ✓   21 [chromium] › tests/rbac/meetings.rbac.spec.ts:53:7 › Meetings RBAC › @regression restricted user should be able to edit their own meeting (1.1m)
[36m[2026-06-16T05:37:24.825Z] [INFO][0m Session cache hit for role: restricted (age: 178s) — skipping validation
[36m[2026-06-16T05:37:24.825Z] [INFO][0m Creating authenticated browser context for role: restricted
[36m[2026-06-16T05:37:25.316Z] [INFO][0m Selecting entity type: Contact
[36m[2026-06-16T05:37:27.693Z] [INFO][0m Options count for Company: 11
[32m[2026-06-16T05:37:28.166Z] [SUCCESS][0m Selected Company (5/11): McCullough - Zieme-Sipes-1781531317898
[36m[2026-06-16T05:37:28.393Z] [INFO][0m Options count for Contact: 10
[36m[2026-06-16T05:37:28.768Z] [INFO][0m Trying medium: Google Meet
[32m[2026-06-16T05:37:28.785Z] [SUCCESS][0m Selected Contact (3/10): ADM1781530806737 Fay
[36m[2026-06-16T05:37:29.386Z] [INFO][0m Selecting entity type: Deal
[36m[2026-06-16T05:37:30.404Z] [INFO][0m Medium input value: GOOGLE
[33m[2026-06-16T05:37:30.416Z] [WARN][0m Google Meet - no calendar connected, trying next
[36m[2026-06-16T05:37:30.416Z] [INFO][0m Trying medium: Outlook Calendar
[36m[2026-06-16T05:37:32.037Z] [INFO][0m Navigating to meetings list
[36m[2026-06-16T05:37:32.038Z] [INFO][0m Navigating to: https://app-qa.sling-dev.com/sales/meetings/list
[36m[2026-06-16T05:37:32.130Z] [INFO][0m Medium input value: MICROSOFT
[33m[2026-06-16T05:37:32.134Z] [WARN][0m Outlook Calendar - no calendar connected, trying next
[33m[2026-06-16T05:37:32.134Z] [WARN][0m No online calendar connected — falling back to Offline
[36m[2026-06-16T05:37:32.535Z] [INFO][0m Options count for Deal: 10
[32m[2026-06-16T05:37:32.986Z] [SUCCESS][0m Selected Deal (1/10): Deal-Frozen Plastic Table-fNMk
[35m[2026-06-16T05:37:33.178Z] [DEBUG][0m Meetings list is ready
[32m[2026-06-16T05:37:33.178Z] [SUCCESS][0m On meetings list page
[32m[2026-06-16T05:37:33.305Z] [SUCCESS][0m Selected medium: Offline (fallback)
[36m[2026-06-16T05:37:33.305Z] [INFO][0m Medium resolved to: OFFLINE
[36m[2026-06-16T05:37:33.306Z] [INFO][0m Filling location field
[36m[2026-06-16T05:37:33.589Z] [INFO][0m Selecting entity type: Company
[36m[2026-06-16T05:37:34.806Z] [INFO][0m Navigating to: https://app-qa.sling-dev.com/sales/quotations/list
[32m[2026-06-16T05:37:36.422Z] [SUCCESS][0m GPS address selected
[36m[2026-06-16T05:37:36.540Z] [INFO][0m Navigated to quotations list
[36m[2026-06-16T05:37:36.540Z] [INFO][0m Asserting URL: /\/quotations\/list/
[36m[2026-06-16T05:37:36.588Z] [INFO][0m Description filled
[36m[2026-06-16T05:37:36.588Z] [INFO][0m Saving meeting
[32m[2026-06-16T05:37:36.692Z] [SUCCESS][0m Confirmed on quotations list page
[32m[2026-06-16T05:37:36.692Z] [SUCCESS][0m T5 passed
[36m[2026-06-16T05:37:36.714Z] [INFO][0m Options count for Company: 11
[36m[2026-06-16T05:37:36.729Z] [INFO][0m Checking for validation errors in meeting create form
  ✓   26 [chromium] › tests/rbac/quotations.rbac.spec.ts:14:7 › Quotations — RBAC › @smoke @regression restricted user should navigate to quotations list (12.0s)
[36m[2026-06-16T05:37:36.898Z] [INFO][0m Session cache hit for role: restricted (age: 190s) — skipping validation
[36m[2026-06-16T05:37:36.898Z] [INFO][0m Creating authenticated browser context for role: restricted
[32m[2026-06-16T05:37:37.167Z] [SUCCESS][0m Selected Company (5/11): Roob, Stracke and Gulgowski-1781530779169
[36m[2026-06-16T05:37:37.408Z] [INFO][0m Captured meeting ID: 72157
[36m[2026-06-16T05:37:37.769Z] [INFO][0m Trying medium: Google Meet
[32m[2026-06-16T05:37:38.145Z] [SUCCESS][0m Restricted user correctly cannot see admin ADM entities in Related To
[32m[2026-06-16T05:37:38.282Z] [SUCCESS][0m No validation errors found in meeting create form
  ✓   25 [chromium] › tests/rbac/meetings.rbac.spec.ts:188:7 › Meetings RBAC › @regression restricted user should not see admin entities in Related To dropdown (21.4s)
[36m[2026-06-16T05:37:38.917Z] [INFO][0m Session cache hit for role: admin (age: 66s) — skipping validation
[36m[2026-06-16T05:37:38.917Z] [INFO][0m Creating authenticated browser context for role: admin
[36m[2026-06-16T05:37:39.447Z] [INFO][0m Medium input value: GOOGLE
[33m[2026-06-16T05:37:39.454Z] [WARN][0m Google Meet - no calendar connected, trying next
[36m[2026-06-16T05:37:39.454Z] [INFO][0m Trying medium: Outlook Calendar
[32m[2026-06-16T05:37:40.920Z] [SUCCESS][0m Clicked meeting popup
[32m[2026-06-16T05:37:40.920Z] [SUCCESS][0m Meeting "ADM1781588218451 Meeting" created
[36m[2026-06-16T05:37:40.920Z] [INFO][0m Verifying meeting via ID: 72157
[36m[2026-06-16T05:37:40.920Z] [INFO][0m Navigating to meeting by ID: 72157
[36m[2026-06-16T05:37:40.920Z] [INFO][0m Navigating to: https://app-qa.sling-dev.com/sales/meetings/list?id=72157
[36m[2026-06-16T05:37:41.164Z] [INFO][0m Medium input value: MICROSOFT
[33m[2026-06-16T05:37:41.166Z] [WARN][0m Outlook Calendar - no calendar connected, trying next
[33m[2026-06-16T05:37:41.166Z] [WARN][0m No online calendar connected — falling back to Offline
[35m[2026-06-16T05:37:42.111Z] [DEBUG][0m Meetings list is ready
[32m[2026-06-16T05:37:42.268Z] [SUCCESS][0m Selected medium: Offline (fallback)
[36m[2026-06-16T05:37:42.268Z] [INFO][0m Medium resolved to: OFFLINE
[36m[2026-06-16T05:37:42.268Z] [INFO][0m Filling location field
[32m[2026-06-16T05:37:42.463Z] [SUCCESS][0m Meeting ID 72157 confirmed via direct URL navigation
[32m[2026-06-16T05:37:42.463Z] [SUCCESS][0m Meeting verified via ID: 72157
[36m[2026-06-16T05:37:42.463Z] [INFO][0m Opening meeting from list: "ADM1781588218451 Meeting"
[32m[2026-06-16T05:37:43.440Z] [SUCCESS][0m Meeting "ADM1781588218451 Meeting" opened
[36m[2026-06-16T05:37:43.446Z] [INFO][0m Admin meeting ID: 72157
[36m[2026-06-16T05:37:43.447Z] [INFO][0m Navigating to meetings list
[36m[2026-06-16T05:37:43.447Z] [INFO][0m Navigating to: https://app-qa.sling-dev.com/sales/meetings/list
[36m[2026-06-16T05:37:44.127Z] [INFO][0m Creating quotation: RES1781588264126
[36m[2026-06-16T05:37:44.127Z] [INFO][0m Navigating to: https://app-qa.sling-dev.com/sales/quotations/list
[35m[2026-06-16T05:37:45.269Z] [DEBUG][0m Meetings list is ready
[32m[2026-06-16T05:37:45.269Z] [SUCCESS][0m On meetings list page
[36m[2026-06-16T05:37:45.269Z] [INFO][0m Navigating to meeting by ID: 72157
[36m[2026-06-16T05:37:45.269Z] [INFO][0m Navigating to: https://app-qa.sling-dev.com/sales/meetings/list?id=72157
[32m[2026-06-16T05:37:45.330Z] [SUCCESS][0m GPS address selected
[36m[2026-06-16T05:37:45.457Z] [INFO][0m Description filled
[36m[2026-06-16T05:37:45.458Z] [INFO][0m Saving meeting

[MiscError] [REQUESTFAILED] net::ERR_ABORTED
            URL: https://api-qa.sling-dev.com/v1/meetings/layout/list
            Test: @regression restricted user invited to admin meeting can view but not edit
            Time: 2026-06-16T05:37:45.507Z

[36m[2026-06-16T05:37:45.683Z] [INFO][0m Checking for validation errors in meeting create form
[36m[2026-06-16T05:37:45.926Z] [INFO][0m Navigated to quotations list
[36m[2026-06-16T05:37:46.208Z] [INFO][0m Session cache hit for role: restricted (age: 215s) — skipping validation
[36m[2026-06-16T05:37:46.208Z] [INFO][0m Creating authenticated browser context for role: restricted
[35m[2026-06-16T05:37:46.445Z] [DEBUG][0m Meetings list is ready
[36m[2026-06-16T05:37:46.585Z] [INFO][0m Captured meeting ID: 72158
[32m[2026-06-16T05:37:47.246Z] [SUCCESS][0m No validation errors found in meeting create form
[32m[2026-06-16T05:37:47.560Z] [SUCCESS][0m Meeting ID 72157 confirmed via direct URL navigation
[32m[2026-06-16T05:37:47.581Z] [SUCCESS][0m Meeting 72157 visible for restricted user as invitee
[32m[2026-06-16T05:37:48.456Z] [SUCCESS][0m Meeting detail title confirmed: "ADM1781588218451 Meeting (#72157)"
[36m[2026-06-16T05:37:48.522Z] [INFO][0m Opened quotation create form
[36m[2026-06-16T05:37:48.523Z] [INFO][0m Filling quotation form
[36m[2026-06-16T05:37:48.523Z] [INFO][0m Filling Quotation Number with: RES1781588264126
[32m[2026-06-16T05:37:48.527Z] [SUCCESS][0m Edit option correctly absent — only Clone visible
  ✓   23 [chromium] › tests/rbac/meetings.rbac.spec.ts:119:7 › Meetings RBAC › @regression restricted user invited to admin meeting can view but not edit (1.1m)
[36m[2026-06-16T05:37:48.913Z] [INFO][0m Session cache hit for role: admin (age: 153s) — skipping validation
[36m[2026-06-16T05:37:48.913Z] [INFO][0m Creating authenticated browser context for role: admin
[36m[2026-06-16T05:37:49.868Z] [INFO][0m Filling Summary with: Restricted Quotation 1781588264126
[32m[2026-06-16T05:37:49.870Z] [SUCCESS][0m Clicked meeting popup
[32m[2026-06-16T05:37:49.871Z] [SUCCESS][0m Meeting "RST1781588228963 Meeting" created
[36m[2026-06-16T05:37:49.871Z] [INFO][0m Verifying meeting via ID: 72158
[36m[2026-06-16T05:37:49.871Z] [INFO][0m Navigating to meeting by ID: 72158
[36m[2026-06-16T05:37:49.871Z] [INFO][0m Navigating to: https://app-qa.sling-dev.com/sales/meetings/list?id=72158
[36m[2026-06-16T05:37:50.160Z] [INFO][0m Selecting specific deal: YOUR_RESTRICTED_DEAL_NAME_HERE
[35m[2026-06-16T05:37:50.816Z] [DEBUG][0m Meetings list is ready
[32m[2026-06-16T05:37:51.243Z] [SUCCESS][0m Meeting ID 72158 confirmed via direct URL navigation
[32m[2026-06-16T05:37:51.243Z] [SUCCESS][0m Meeting verified via ID: 72158
[36m[2026-06-16T05:37:51.244Z] [INFO][0m Rescheduling meeting: "RST1781588228963 Meeting"
[36m[2026-06-16T05:37:51.244Z] [INFO][0m Looking for meeting "RST1781588228963 Meeting" in list — attempt 1/8
[32m[2026-06-16T05:37:51.259Z] [SUCCESS][0m Meeting "RST1781588228963 Meeting" found in list
[36m[2026-06-16T05:37:51.259Z] [INFO][0m Opening meeting from list: "RST1781588228963 Meeting"
[32m[2026-06-16T05:37:52.122Z] [SUCCESS][0m Meeting "RST1781588228963 Meeting" opened
[36m[2026-06-16T05:37:52.353Z] [INFO][0m Reschedule form opened
[32m[2026-06-16T05:37:53.127Z] [SUCCESS][0m Reschedule date selected: Sat Jun 20 2026
[36m[2026-06-16T05:37:53.152Z] [INFO][0m Navigating to: https://app-qa.sling-dev.com/sales/quotations/list
[32m[2026-06-16T05:37:54.631Z] [SUCCESS][0m Meeting "RST1781588228963 Meeting" rescheduled
[36m[2026-06-16T05:37:54.631Z] [INFO][0m Verifying meeting via ID: 72158
[36m[2026-06-16T05:37:54.631Z] [INFO][0m Navigating to meeting by ID: 72158
[36m[2026-06-16T05:37:54.631Z] [INFO][0m Navigating to: https://app-qa.sling-dev.com/sales/meetings/list?id=72158
[36m[2026-06-16T05:37:54.807Z] [INFO][0m Navigated to quotations list
[35m[2026-06-16T05:37:55.441Z] [DEBUG][0m Meetings list is ready
[36m[2026-06-16T05:37:55.710Z] [INFO][0m Session cache hit for role: restricted (age: 224s) — skipping validation
[36m[2026-06-16T05:37:55.710Z] [INFO][0m Creating authenticated browser context for role: restricted
[32m[2026-06-16T05:37:55.765Z] [SUCCESS][0m Meeting ID 72158 confirmed via direct URL navigation
[32m[2026-06-16T05:37:55.765Z] [SUCCESS][0m Meeting verified via ID: 72158
  ✓   24 [chromium] › tests/rbac/meetings.rbac.spec.ts:173:7 › Meetings RBAC › @regression restricted user should reschedule their own meeting (57.2s)
[36m[2026-06-16T05:37:55.996Z] [INFO][0m Session cache hit for role: restricted (age: 224s) — skipping validation
[36m[2026-06-16T05:37:55.998Z] [INFO][0m Creating authenticated browser context for role: restricted
[36m[2026-06-16T05:37:57.824Z] [INFO][0m Opened quotation create form
[36m[2026-06-16T05:37:57.825Z] [INFO][0m Filling quotation form
[36m[2026-06-16T05:37:57.825Z] [INFO][0m Filling Quotation Number with: RES1781588273151
[36m[2026-06-16T05:37:58.593Z] [INFO][0m Filling Summary with: Restricted Quotation 1781588273151
[36m[2026-06-16T05:37:58.643Z] [INFO][0m Selecting specific deal: Deal-Generic Bamboo Hat-xEwo
[32m[2026-06-16T05:37:59.056Z] [SUCCESS][0m Selected specific deal: Deal-Generic Bamboo Hat-xEwo
  ✘   27 [chromium] › tests/rbac/quotations.rbac.spec.ts:24:7 › Quotations — RBAC › @regression restricted user should create a quotation with accessible deal (23.8s)
[36m[2026-06-16T05:38:01.066Z] [INFO][0m No products from deal — adding a product manually
◇ injected env (0) from .env // tip: ⌘ multiple files { path: ['.env.local', '.env'] }
[36m[2026-06-16T05:38:02.156Z] [INFO][0m Existing storage state found for role: restricted
[36m[2026-06-16T05:38:02.317Z] [INFO][0m Validating existing session
  ✘   29 [chromium] › tests/rbac/quotations.rbac.spec.ts:110:7 › Quotations — RBAC › @regression restricted user should not see admin-owned quotation in list (14.5s)
◇ injected env (0) from .env // tip: ⌁ auth for agents [www.vestauth.com]
[36m[2026-06-16T05:38:04.318Z] [INFO][0m Existing storage state found for role: admin
[36m[2026-06-16T05:38:04.469Z] [INFO][0m Validating existing session
[36m[2026-06-16T05:38:05.405Z] [INFO][0m Creating quotation: RES1781588285405
[36m[2026-06-16T05:38:05.405Z] [INFO][0m Navigating to: https://app-qa.sling-dev.com/sales/quotations/list
[36m[2026-06-16T05:38:06.471Z] [INFO][0m Session validation URL: https://app-qa.sling-dev.com/sales/home
[36m[2026-06-16T05:38:06.656Z] [INFO][0m Session is still valid for role: restricted
[36m[2026-06-16T05:38:06.657Z] [INFO][0m Creating authenticated browser context for role: restricted
[36m[2026-06-16T05:38:06.912Z] [INFO][0m Navigated to quotations list
[36m[2026-06-16T05:38:08.622Z] [INFO][0m Session validation URL: https://app-qa.sling-dev.com/sales/home
[36m[2026-06-16T05:38:08.811Z] [INFO][0m Session is still valid for role: admin
[36m[2026-06-16T05:38:08.811Z] [INFO][0m Creating authenticated browser context for role: admin
[36m[2026-06-16T05:38:09.460Z] [INFO][0m Opened quotation create form
[36m[2026-06-16T05:38:09.460Z] [INFO][0m Filling quotation form
[36m[2026-06-16T05:38:09.460Z] [INFO][0m Filling Quotation Number with: RES1781588285405
[36m[2026-06-16T05:38:10.504Z] [INFO][0m Filling Summary with: Restricted Quotation 1781588285405
[36m[2026-06-16T05:38:10.567Z] [INFO][0m Selecting specific deal: YOUR_RESTRICTED_DEAL_NAME_HERE
[36m[2026-06-16T05:38:16.203Z] [INFO][0m Creating quotation: RES1781588296200
[36m[2026-06-16T05:38:16.203Z] [INFO][0m Navigating to: https://app-qa.sling-dev.com/sales/quotations/list
[36m[2026-06-16T05:38:16.310Z] [INFO][0m Existing storage state found for role: restricted
[36m[2026-06-16T05:38:16.488Z] [INFO][0m Validating existing session
  ✘   28 [chromium] › tests/rbac/quotations.rbac.spec.ts:42:7 › Quotations — RBAC › @regression restricted user should handle inaccessible entity error and retry successfully (38.3s)
◇ injected env (0) from .env // tip: ⌁ auth for agents [www.vestauth.com]
[36m[2026-06-16T05:38:18.465Z] [INFO][0m Existing storage state found for role: admin
[36m[2026-06-16T05:38:18.611Z] [INFO][0m Validating existing session
[36m[2026-06-16T05:38:19.901Z] [INFO][0m Navigated to quotations list
  ✘   30 [chromium] › tests/rbac/quotations.rbac.spec.ts:138:7 › Quotations — RBAC › @regression restricted user should update own quotation (25.7s)
[36m[2026-06-16T05:38:22.277Z] [INFO][0m Session validation URL: https://app-qa.sling-dev.com/sales/home
[36m[2026-06-16T05:38:22.706Z] [INFO][0m Session is still valid for role: restricted
[36m[2026-06-16T05:38:22.707Z] [INFO][0m Creating authenticated browser context for role: restricted
◇ injected env (0) from .env // tip: ◈ secrets for agents [www.dotenvx.com]
[36m[2026-06-16T05:38:23.232Z] [INFO][0m Opened quotation create form
[36m[2026-06-16T05:38:23.232Z] [INFO][0m Filling quotation form
[36m[2026-06-16T05:38:23.233Z] [INFO][0m Filling Quotation Number with: RES1781588296200
[36m[2026-06-16T05:38:23.714Z] [INFO][0m Existing storage state found for role: restricted
[36m[2026-06-16T05:38:23.922Z] [INFO][0m Validating existing session
[36m[2026-06-16T05:38:24.824Z] [INFO][0m Session validation URL: https://app-qa.sling-dev.com/sales/home
[36m[2026-06-16T05:38:25.119Z] [INFO][0m Session is still valid for role: admin
[36m[2026-06-16T05:38:25.119Z] [INFO][0m Creating authenticated browser context for role: admin
[36m[2026-06-16T05:38:25.281Z] [INFO][0m Filling Summary with: Restricted Quotation 1781588296200
[36m[2026-06-16T05:38:25.646Z] [INFO][0m Selecting specific deal: YOUR_RESTRICTED_DEAL_NAME_HERE
[36m[2026-06-16T05:38:30.444Z] [INFO][0m Session validation URL: https://app-qa.sling-dev.com/sales/home
[36m[2026-06-16T05:38:30.712Z] [INFO][0m Session is still valid for role: restricted
[36m[2026-06-16T05:38:30.712Z] [INFO][0m Creating authenticated browser context for role: restricted
  ✘   32 [chromium] › tests/rbac/quotations.rbac.spec.ts:110:7 › Quotations — RBAC › @regression restricted user should not see admin-owned quotation in list (retry #1) (28.8s)
[36m[2026-06-16T05:38:35.011Z] [INFO][0m Existing storage state found for role: restricted
[36m[2026-06-16T05:38:35.183Z] [INFO][0m Validating existing session
◇ injected env (0) from .env // tip: ⌘ override existing { override: true }
[36m[2026-06-16T05:38:36.026Z] [INFO][0m Existing storage state found for role: admin
[36m[2026-06-16T05:38:36.196Z] [INFO][0m Validating existing session
  ✘   31 [chromium] › tests/rbac/quotations.rbac.spec.ts:24:7 › Quotations — RBAC › @regression restricted user should create a quotation with accessible deal (retry #1) (35.9s)
[36m[2026-06-16T05:38:40.025Z] [INFO][0m Creating quotation: RES1781588320021
[36m[2026-06-16T05:38:40.025Z] [INFO][0m Navigating to: https://app-qa.sling-dev.com/sales/quotations/list
[36m[2026-06-16T05:38:40.611Z] [INFO][0m Session validation URL: https://app-qa.sling-dev.com/sales/home
◇ injected env (0) from .env // tip: ◈ secrets for agents [www.dotenvx.com]
[36m[2026-06-16T05:38:41.405Z] [INFO][0m Existing storage state found for role: restricted
[36m[2026-06-16T05:38:41.506Z] [INFO][0m Session validation URL: https://app-qa.sling-dev.com/sales/home
[36m[2026-06-16T05:38:41.553Z] [INFO][0m Session is still valid for role: restricted
[36m[2026-06-16T05:38:41.553Z] [INFO][0m Creating authenticated browser context for role: restricted
[36m[2026-06-16T05:38:41.650Z] [INFO][0m Validating existing session
[36m[2026-06-16T05:38:41.804Z] [INFO][0m Session is still valid for role: admin
[36m[2026-06-16T05:38:41.805Z] [INFO][0m Creating authenticated browser context for role: admin
[36m[2026-06-16T05:38:43.911Z] [INFO][0m Navigated to quotations list
[36m[2026-06-16T05:38:46.827Z] [INFO][0m Opened quotation create form
[36m[2026-06-16T05:38:46.827Z] [INFO][0m Filling quotation form
[36m[2026-06-16T05:38:46.827Z] [INFO][0m Filling Quotation Number with: RES1781588320021
[36m[2026-06-16T05:38:48.895Z] [INFO][0m Filling Summary with: Restricted Quotation 1781588320021
[36m[2026-06-16T05:38:49.402Z] [INFO][0m Session validation URL: https://app-qa.sling-dev.com/sales/home
[36m[2026-06-16T05:38:49.724Z] [INFO][0m Session is still valid for role: restricted
[36m[2026-06-16T05:38:49.724Z] [INFO][0m Creating authenticated browser context for role: restricted
[36m[2026-06-16T05:38:49.724Z] [INFO][0m Selecting specific deal: YOUR_RESTRICTED_DEAL_NAME_HERE
[36m[2026-06-16T05:38:52.373Z] [INFO][0m Navigating to: https://app-qa.sling-dev.com/sales/quotations/list
[36m[2026-06-16T05:38:53.876Z] [INFO][0m Existing storage state found for role: restricted
[36m[2026-06-16T05:38:53.989Z] [INFO][0m Validating existing session
[36m[2026-06-16T05:38:56.428Z] [INFO][0m Navigated to quotations list
[36m[2026-06-16T05:38:57.694Z] [INFO][0m Creating quotation: RES1781588337690
[36m[2026-06-16T05:38:57.695Z] [INFO][0m Navigating to: https://app-qa.sling-dev.com/sales/quotations/list
[36m[2026-06-16T05:38:59.234Z] [INFO][0m Session validation URL: https://app-qa.sling-dev.com/sales/home
[36m[2026-06-16T05:38:59.566Z] [INFO][0m Session is still valid for role: restricted
[36m[2026-06-16T05:38:59.566Z] [INFO][0m Creating authenticated browser context for role: restricted
[36m[2026-06-16T05:38:59.760Z] [INFO][0m Navigated to quotations list
[36m[2026-06-16T05:38:59.994Z] [INFO][0m Opened quotation create form
[36m[2026-06-16T05:38:59.995Z] [INFO][0m Filling quotation form
[36m[2026-06-16T05:38:59.995Z] [INFO][0m Filling Quotation Number with: RES1781588332369
[36m[2026-06-16T05:39:01.781Z] [INFO][0m Filling Summary with: Restricted Quotation 1781588332369
[36m[2026-06-16T05:39:02.166Z] [INFO][0m Selecting specific deal: Deal-Generic Bamboo Hat-xEwo
[36m[2026-06-16T05:39:02.830Z] [INFO][0m Opened quotation create form
[36m[2026-06-16T05:39:02.831Z] [INFO][0m Filling quotation form
[36m[2026-06-16T05:39:02.831Z] [INFO][0m Filling Quotation Number with: RES1781588337690
[32m[2026-06-16T05:39:03.119Z] [SUCCESS][0m Selected specific deal: Deal-Generic Bamboo Hat-xEwo
  ✘   34 [chromium] › tests/rbac/quotations.rbac.spec.ts:138:7 › Quotations — RBAC › @regression restricted user should update own quotation (retry #1) (38.4s)
[36m[2026-06-16T05:39:04.511Z] [INFO][0m Filling Summary with: Restricted Quotation 1781588337690
◇ injected env (0) from .env // tip: ◈ secrets for agents [www.dotenvx.com]
[36m[2026-06-16T05:39:04.827Z] [INFO][0m Selecting specific deal: YOUR_RESTRICTED_DEAL_NAME_HERE
[36m[2026-06-16T05:39:05.237Z] [INFO][0m Existing storage state found for role: restricted
[36m[2026-06-16T05:39:05.241Z] [INFO][0m No products from deal — adding a product manually
[36m[2026-06-16T05:39:05.420Z] [INFO][0m Validating existing session
  ✘   35 [chromium] › tests/rbac/quotations.rbac.spec.ts:161:7 › Quotations — RBAC › @regression restricted user should see and edit quotation when set as owner by admin (32.0s)
◇ injected env (0) from .env // tip: ◈ secrets for agents [www.dotenvx.com]
[36m[2026-06-16T05:39:09.128Z] [INFO][0m Existing storage state found for role: admin
[36m[2026-06-16T05:39:09.279Z] [INFO][0m Validating existing session
[36m[2026-06-16T05:39:09.670Z] [INFO][0m Session validation URL: https://app-qa.sling-dev.com/sales/home
[36m[2026-06-16T05:39:09.848Z] [INFO][0m Session is still valid for role: restricted
[36m[2026-06-16T05:39:09.848Z] [INFO][0m Creating authenticated browser context for role: restricted
[36m[2026-06-16T05:39:13.310Z] [INFO][0m Session validation URL: https://app-qa.sling-dev.com/sales/home
[36m[2026-06-16T05:39:13.501Z] [INFO][0m Session is still valid for role: admin
[36m[2026-06-16T05:39:13.502Z] [INFO][0m Creating authenticated browser context for role: admin
  ✘   36 [chromium] › tests/rbac/quotations.rbac.spec.ts:229:7 › Quotations — RBAC › @regression restricted user should verify all field values on detail page after create (34.2s)
◇ injected env (0) from .env // tip: ⌘ custom filepath { path: '/custom/path/.env' }
[36m[2026-06-16T05:39:17.028Z] [INFO][0m Existing storage state found for role: restricted
[36m[2026-06-16T05:39:17.207Z] [INFO][0m Validating existing session
[36m[2026-06-16T05:39:18.034Z] [INFO][0m Navigating to: https://app-qa.sling-dev.com/sales/quotations/list
[36m[2026-06-16T05:39:19.711Z] [INFO][0m Navigated to quotations list
[36m[2026-06-16T05:39:21.947Z] [INFO][0m Existing storage state found for role: restricted
[36m[2026-06-16T05:39:22.085Z] [INFO][0m Validating existing session
[36m[2026-06-16T05:39:22.695Z] [INFO][0m Session validation URL: https://app-qa.sling-dev.com/sales/home
[36m[2026-06-16T05:39:23.031Z] [INFO][0m Opened quotation create form
[36m[2026-06-16T05:39:23.034Z] [INFO][0m Filling quotation form
[36m[2026-06-16T05:39:23.035Z] [INFO][0m Filling Quotation Number with: RES1781588358032
[36m[2026-06-16T05:39:23.253Z] [INFO][0m Session is still valid for role: restricted
[36m[2026-06-16T05:39:23.253Z] [INFO][0m Creating authenticated browser context for role: restricted
[36m[2026-06-16T05:39:25.125Z] [INFO][0m Filling Summary with: Restricted Quotation 1781588358032
[36m[2026-06-16T05:39:25.288Z] [INFO][0m Selecting specific deal: YOUR_RESTRICTED_DEAL_NAME_HERE
[36m[2026-06-16T05:39:27.318Z] [INFO][0m Session validation URL: https://app-qa.sling-dev.com/sales/home
[36m[2026-06-16T05:39:27.459Z] [INFO][0m Session is still valid for role: restricted
[36m[2026-06-16T05:39:27.459Z] [INFO][0m Creating authenticated browser context for role: restricted
  ✘   33 [chromium] › tests/rbac/quotations.rbac.spec.ts:42:7 › Quotations — RBAC › @regression restricted user should handle inaccessible entity error and retry successfully (retry #1) (1.1m)
◇ injected env (0) from .env // tip: ⌁ auth for agents [www.vestauth.com]
[36m[2026-06-16T05:39:28.453Z] [INFO][0m Existing storage state found for role: restricted
[36m[2026-06-16T05:39:28.603Z] [INFO][0m Validating existing session
[36m[2026-06-16T05:39:33.688Z] [INFO][0m Session validation URL: https://app-qa.sling-dev.com/sales/home
[36m[2026-06-16T05:39:33.981Z] [INFO][0m Session is still valid for role: restricted
[36m[2026-06-16T05:39:33.981Z] [INFO][0m Creating authenticated browser context for role: restricted
[36m[2026-06-16T05:39:34.153Z] [INFO][0m Creating quotation: RES1781588374148
[36m[2026-06-16T05:39:34.153Z] [INFO][0m Navigating to: https://app-qa.sling-dev.com/sales/quotations/list
  ✘   37 [chromium] › tests/rbac/quotations.rbac.spec.ts:256:7 › Quotations — RBAC › @regression restricted user should verify grand total math (30.8s)
◇ injected env (0) from .env // tip: ⌘ multiple files { path: ['.env.local', '.env'] }
[36m[2026-06-16T05:39:37.440Z] [INFO][0m Existing storage state found for role: restricted
[36m[2026-06-16T05:39:37.685Z] [INFO][0m Validating existing session
[36m[2026-06-16T05:39:37.863Z] [INFO][0m Navigated to quotations list
  ✘   38 [chromium] › tests/rbac/quotations.rbac.spec.ts:161:7 › Quotations — RBAC › @regression restricted user should see and edit quotation when set as owner by admin (retry #1) (29.5s)
◇ injected env (0) from .env // tip: ⌘ suppress logs { quiet: true }
[36m[2026-06-16T05:39:41.358Z] [INFO][0m Existing storage state found for role: admin
[36m[2026-06-16T05:39:41.484Z] [INFO][0m Opened quotation create form
[36m[2026-06-16T05:39:41.485Z] [INFO][0m Filling quotation form
[36m[2026-06-16T05:39:41.485Z] [INFO][0m Filling Quotation Number with: RES1781588374148
[36m[2026-06-16T05:39:41.531Z] [INFO][0m Validating existing session
[36m[2026-06-16T05:39:41.755Z] [INFO][0m Creating quotation: RES1781588381752
[36m[2026-06-16T05:39:41.755Z] [INFO][0m Navigating to: https://app-qa.sling-dev.com/sales/quotations/list
[36m[2026-06-16T05:39:42.675Z] [INFO][0m Session validation URL: https://app-qa.sling-dev.com/sales/home
[36m[2026-06-16T05:39:42.912Z] [INFO][0m Session is still valid for role: restricted
[36m[2026-06-16T05:39:42.912Z] [INFO][0m Creating authenticated browser context for role: restricted
[36m[2026-06-16T05:39:43.173Z] [INFO][0m Filling Summary with: Restricted Quotation 1781588374148
[36m[2026-06-16T05:39:43.493Z] [INFO][0m Selecting specific deal: YOUR_RESTRICTED_DEAL_NAME_HERE
[36m[2026-06-16T05:39:43.513Z] [INFO][0m Navigated to quotations list
[36m[2026-06-16T05:39:45.188Z] [INFO][0m Session validation URL: https://app-qa.sling-dev.com/sales/home
[36m[2026-06-16T05:39:45.345Z] [INFO][0m Session is still valid for role: admin
[36m[2026-06-16T05:39:45.345Z] [INFO][0m Creating authenticated browser context for role: admin
[36m[2026-06-16T05:39:46.463Z] [INFO][0m Opened quotation create form
[36m[2026-06-16T05:39:46.463Z] [INFO][0m Filling quotation form
[36m[2026-06-16T05:39:46.464Z] [INFO][0m Filling Quotation Number with: RES1781588381752
[36m[2026-06-16T05:39:47.621Z] [INFO][0m Filling Summary with: Restricted Quotation 1781588381752
[36m[2026-06-16T05:39:47.731Z] [INFO][0m Selecting specific deal: YOUR_RESTRICTED_DEAL_NAME_HERE
[36m[2026-06-16T05:39:52.180Z] [INFO][0m Existing storage state found for role: restricted
[36m[2026-06-16T05:39:52.319Z] [INFO][0m Validating existing session
[36m[2026-06-16T05:39:53.423Z] [INFO][0m Navigating to: https://app-qa.sling-dev.com/sales/quotations/list
[36m[2026-06-16T05:39:56.140Z] [INFO][0m Session validation URL: https://app-qa.sling-dev.com/sales/home
[36m[2026-06-16T05:39:56.358Z] [INFO][0m Session is still valid for role: restricted
[36m[2026-06-16T05:39:56.358Z] [INFO][0m Creating authenticated browser context for role: restricted
[36m[2026-06-16T05:39:56.596Z] [INFO][0m Navigated to quotations list
  ✘   39 [chromium] › tests/rbac/quotations.rbac.spec.ts:229:7 › Quotations — RBAC › @regression restricted user should verify all field values on detail page after create (retry #1) (38.6s)
◇ injected env (0) from .env // tip: ⌁ auth for agents [www.vestauth.com]
  ✘   40 [chromium] › tests/rbac/quotations.rbac.spec.ts:284:7 › Quotations — RBAC › @regression restricted user should download own quotation and verify file (29.9s)
[36m[2026-06-16T05:39:58.599Z] [INFO][0m Existing storage state found for role: admin
[36m[2026-06-16T05:39:58.774Z] [INFO][0m Validating existing session
◇ injected env (0) from .env // tip: ⌁ auth for agents [www.vestauth.com]
[36m[2026-06-16T05:39:59.713Z] [INFO][0m Opened quotation create form
[36m[2026-06-16T05:39:59.714Z] [INFO][0m Filling quotation form
[36m[2026-06-16T05:39:59.718Z] [INFO][0m Filling Quotation Number with: RES1781588393416
[36m[2026-06-16T05:39:59.840Z] [INFO][0m Existing storage state found for role: restricted
[36m[2026-06-16T05:40:00.021Z] [INFO][0m Validating existing session
[36m[2026-06-16T05:40:01.383Z] [INFO][0m Filling Summary with: Restricted Quotation 1781588393416
[36m[2026-06-16T05:40:01.594Z] [INFO][0m Selecting specific deal: YOUR_RESTRICTED_DEAL_NAME_HERE
[36m[2026-06-16T05:40:03.182Z] [INFO][0m Session validation URL: https://app-qa.sling-dev.com/sales/home
[36m[2026-06-16T05:40:03.359Z] [INFO][0m Session is still valid for role: admin
[36m[2026-06-16T05:40:03.359Z] [INFO][0m Creating authenticated browser context for role: admin
[36m[2026-06-16T05:40:03.808Z] [INFO][0m Creating quotation with owner "User 1": ADM1781588403804
[36m[2026-06-16T05:40:03.808Z] [INFO][0m Navigating to: https://app-qa.sling-dev.com/sales/quotations/list
[36m[2026-06-16T05:40:05.431Z] [INFO][0m Navigated to quotations list
[36m[2026-06-16T05:40:06.521Z] [INFO][0m Session validation URL: https://app-qa.sling-dev.com/sales/home
[36m[2026-06-16T05:40:06.845Z] [INFO][0m Session is still valid for role: restricted
[36m[2026-06-16T05:40:06.849Z] [INFO][0m Creating authenticated browser context for role: restricted
[36m[2026-06-16T05:40:08.596Z] [INFO][0m Opened quotation create form
[36m[2026-06-16T05:40:08.596Z] [INFO][0m Filling quotation form
[36m[2026-06-16T05:40:08.597Z] [INFO][0m Filling Quotation Number with: ADM1781588403804
[36m[2026-06-16T05:40:10.115Z] [INFO][0m Filling Summary with: Admin Quotation 1781588403804
[36m[2026-06-16T05:40:10.328Z] [INFO][0m Selecting specific deal: Deal-Generic Bamboo Hat-xEwo
[36m[2026-06-16T05:40:10.388Z] [INFO][0m Existing storage state found for role: restricted
[36m[2026-06-16T05:40:10.507Z] [INFO][0m Validating existing session
[32m[2026-06-16T05:40:10.857Z] [SUCCESS][0m Selected specific deal: Deal-Generic Bamboo Hat-xEwo
[36m[2026-06-16T05:40:12.871Z] [INFO][0m No products from deal — adding a product manually
[36m[2026-06-16T05:40:14.829Z] [INFO][0m Session validation URL: https://app-qa.sling-dev.com/sales/home
[36m[2026-06-16T05:40:15.102Z] [INFO][0m Session is still valid for role: restricted
[36m[2026-06-16T05:40:15.102Z] [INFO][0m Creating authenticated browser context for role: restricted
[36m[2026-06-16T05:40:15.315Z] [INFO][0m Creating quotation: RES1781588415312
[36m[2026-06-16T05:40:15.316Z] [INFO][0m Navigating to: https://app-qa.sling-dev.com/sales/quotations/list
  ✘   41 [chromium] › tests/rbac/quotations.rbac.spec.ts:256:7 › Quotations — RBAC › @regression restricted user should verify grand total math (retry #1) (36.6s)
◇ injected env (0) from .env // tip: ◈ secrets for agents [www.dotenvx.com]
[36m[2026-06-16T05:40:16.637Z] [INFO][0m Existing storage state found for role: admin
[36m[2026-06-16T05:40:16.769Z] [INFO][0m Validating existing session
[36m[2026-06-16T05:40:18.188Z] [INFO][0m Navigated to quotations list
[36m[2026-06-16T05:40:20.673Z] [INFO][0m Session validation URL: https://app-qa.sling-dev.com/sales/home
[36m[2026-06-16T05:40:20.841Z] [INFO][0m Session is still valid for role: admin
[36m[2026-06-16T05:40:20.841Z] [INFO][0m Creating authenticated browser context for role: admin
[36m[2026-06-16T05:40:20.994Z] [INFO][0m Opened quotation create form
[36m[2026-06-16T05:40:20.995Z] [INFO][0m Filling quotation form
[36m[2026-06-16T05:40:20.995Z] [INFO][0m Filling Quotation Number with: RES1781588415312
[36m[2026-06-16T05:40:21.988Z] [INFO][0m Creating quotation with owner "User 1": ADM1781588421984
[36m[2026-06-16T05:40:21.988Z] [INFO][0m Navigating to: https://app-qa.sling-dev.com/sales/quotations/list
[36m[2026-06-16T05:40:22.932Z] [INFO][0m Filling Summary with: Restricted Quotation 1781588415312
[36m[2026-06-16T05:40:23.321Z] [INFO][0m Selecting specific deal: YOUR_RESTRICTED_DEAL_NAME_HERE
[36m[2026-06-16T05:40:24.094Z] [INFO][0m Navigated to quotations list
[36m[2026-06-16T05:40:26.891Z] [INFO][0m Opened quotation create form
[36m[2026-06-16T05:40:26.891Z] [INFO][0m Filling quotation form
[36m[2026-06-16T05:40:26.891Z] [INFO][0m Filling Quotation Number with: ADM1781588421984
[36m[2026-06-16T05:40:28.432Z] [INFO][0m Filling Summary with: Admin Quotation 1781588421984
  ✘   42 [chromium] › tests/rbac/quotations.rbac.spec.ts:308:7 › Quotations — RBAC › @regression restricted user should see inaccessible entity chip on detail page (47.1s)
[36m[2026-06-16T05:40:28.642Z] [INFO][0m Selecting specific deal: Deal-Generic Bamboo Hat-xEwo
[32m[2026-06-16T05:40:29.170Z] [SUCCESS][0m Selected specific deal: Deal-Generic Bamboo Hat-xEwo
◇ injected env (0) from .env // tip: ⌘ override existing { override: true }
[36m[2026-06-16T05:40:29.261Z] [INFO][0m Existing storage state found for role: restricted
[36m[2026-06-16T05:40:29.395Z] [INFO][0m Validating existing session
[36m[2026-06-16T05:40:29.733Z] [INFO][0m Existing storage state found for role: admin
[36m[2026-06-16T05:40:29.938Z] [INFO][0m Validating existing session
[36m[2026-06-16T05:40:31.189Z] [INFO][0m No products from deal — adding a product manually
[36m[2026-06-16T05:40:33.209Z] [INFO][0m Session validation URL: https://app-qa.sling-dev.com/sales/home
[36m[2026-06-16T05:40:33.356Z] [INFO][0m Session is still valid for role: restricted
[36m[2026-06-16T05:40:33.356Z] [INFO][0m Creating authenticated browser context for role: restricted
[36m[2026-06-16T05:40:36.001Z] [INFO][0m Session validation URL: https://app-qa.sling-dev.com/sales/home
[36m[2026-06-16T05:40:36.216Z] [INFO][0m Session is still valid for role: admin
[36m[2026-06-16T05:40:36.216Z] [INFO][0m Creating authenticated browser context for role: admin
  ✘   44 [chromium] › tests/rbac/quotations.rbac.spec.ts:284:7 › Quotations — RBAC › @regression restricted user should download own quotation and verify file (retry #1) (35.4s)
◇ injected env (0) from .env // tip: ⌘ multiple files { path: ['.env.local', '.env'] }
[36m[2026-06-16T05:40:37.474Z] [INFO][0m Existing storage state found for role: restricted
[36m[2026-06-16T05:40:37.627Z] [INFO][0m Validating existing session
  ✘   45 [chromium] › tests/rbac/quotations.rbac.spec.ts:391:7 › Quotations — RBAC › @regression restricted user should not be able to find quotation owned by admin (24.3s)
◇ injected env (0) from .env // tip: ⌘ override existing { override: true }
[36m[2026-06-16T05:40:42.166Z] [INFO][0m Existing storage state found for role: admin
[36m[2026-06-16T05:40:42.316Z] [INFO][0m Validating existing session
[36m[2026-06-16T05:40:42.650Z] [INFO][0m Session validation URL: https://app-qa.sling-dev.com/sales/home
[36m[2026-06-16T05:40:42.859Z] [INFO][0m Session is still valid for role: restricted
[36m[2026-06-16T05:40:42.859Z] [INFO][0m Creating authenticated browser context for role: restricted
[36m[2026-06-16T05:40:43.474Z] [INFO][0m Existing storage state found for role: restricted
[36m[2026-06-16T05:40:43.607Z] [INFO][0m Validating existing session
  ✘   43 [chromium] › tests/rbac/quotations.rbac.spec.ts:354:7 › Quotations — RBAC › @regression restricted user should replace inaccessible company with own company during edit (48.0s)
◇ injected env (0) from .env // tip: ⌘ suppress logs { quiet: true }
[36m[2026-06-16T05:40:47.693Z] [INFO][0m Existing storage state found for role: admin
[36m[2026-06-16T05:40:47.845Z] [INFO][0m Validating existing session
[36m[2026-06-16T05:40:48.388Z] [INFO][0m Session validation URL: https://app-qa.sling-dev.com/sales/home
[36m[2026-06-16T05:40:48.614Z] [INFO][0m Session is still valid for role: admin
[36m[2026-06-16T05:40:48.614Z] [INFO][0m Creating authenticated browser context for role: admin
[36m[2026-06-16T05:40:49.020Z] [INFO][0m Session validation URL: https://app-qa.sling-dev.com/sales/home
[36m[2026-06-16T05:40:49.189Z] [INFO][0m Session is still valid for role: restricted
[36m[2026-06-16T05:40:49.190Z] [INFO][0m Creating authenticated browser context for role: restricted
[36m[2026-06-16T05:40:52.791Z] [INFO][0m Navigating to: https://app-qa.sling-dev.com/sales/quotations/list
[36m[2026-06-16T05:40:54.700Z] [INFO][0m Navigated to quotations list
[36m[2026-06-16T05:40:54.701Z] [INFO][0m Asserting URL: /\/quotations\/list/
[36m[2026-06-16T05:40:54.714Z] [INFO][0m Session validation URL: https://app-qa.sling-dev.com/sales/home
[32m[2026-06-16T05:40:54.877Z] [SUCCESS][0m Confirmed on quotations list page
[32m[2026-06-16T05:40:54.877Z] [SUCCESS][0m T28 passed
[36m[2026-06-16T05:40:55.123Z] [INFO][0m Session is still valid for role: admin
[36m[2026-06-16T05:40:55.123Z] [INFO][0m Creating authenticated browser context for role: admin
  ✓   47 [chromium] › tests/rbac/quotations.rbac.spec.ts:419:7 › Quotations — RBAC › @prodSafe restricted user should navigate to quotations list on production (17.6s)
[36m[2026-06-16T05:40:55.157Z] [INFO][0m Session cache hit for role: restricted (age: 12s) — skipping validation
[36m[2026-06-16T05:40:55.157Z] [INFO][0m Creating authenticated browser context for role: restricted
[36m[2026-06-16T05:40:57.712Z] [INFO][0m Existing storage state found for role: restricted
[36m[2026-06-16T05:40:57.935Z] [INFO][0m Validating existing session
[36m[2026-06-16T05:41:00.478Z] [INFO][0m Creating quotation with owner "User 1": ADM1781588460471
[36m[2026-06-16T05:41:00.480Z] [INFO][0m Navigating to: https://app-qa.sling-dev.com/sales/quotations/list
[36m[2026-06-16T05:41:04.758Z] [INFO][0m Navigated to quotations list
[36m[2026-06-16T05:41:07.090Z] [INFO][0m Session validation URL: https://app-qa.sling-dev.com/sales/home
[36m[2026-06-16T05:41:07.146Z] [INFO][0m Existing storage state found for role: restricted
[36m[2026-06-16T05:41:07.353Z] [INFO][0m Navigating to Tasks List
[36m[2026-06-16T05:41:07.554Z] [INFO][0m Validating existing session
[36m[2026-06-16T05:41:07.646Z] [INFO][0m Navigating to: https://app-qa.sling-dev.com/sales/tasks/list
[36m[2026-06-16T05:41:07.709Z] [INFO][0m Session is still valid for role: restricted
[36m[2026-06-16T05:41:07.710Z] [INFO][0m Creating authenticated browser context for role: restricted
[36m[2026-06-16T05:41:08.586Z] [INFO][0m Opened quotation create form
[36m[2026-06-16T05:41:08.586Z] [INFO][0m Filling quotation form
[36m[2026-06-16T05:41:08.587Z] [INFO][0m Filling Quotation Number with: ADM1781588460471
[35m[2026-06-16T05:41:09.568Z] [DEBUG][0m Tasks list is ready
[32m[2026-06-16T05:41:09.568Z] [SUCCESS][0m On Tasks List page
[36m[2026-06-16T05:41:09.568Z] [INFO][0m Asserting URL: /\/sales\/tasks\/list/
[32m[2026-06-16T05:41:09.731Z] [SUCCESS][0m Confirmed on Tasks List page
  ✓   50 [chromium] › tests/rbac/tasks.rbac.spec.ts:26:7 › Tasks RBAC › @smoke @regression restricted user can navigate to tasks list (15.4s)
[36m[2026-06-16T05:41:10.578Z] [INFO][0m Session cache hit for role: restricted (age: 28s) — skipping validation
[36m[2026-06-16T05:41:10.578Z] [INFO][0m Creating authenticated browser context for role: restricted
[36m[2026-06-16T05:41:12.060Z] [INFO][0m Filling Summary with: Admin Quotation 1781588460471
[36m[2026-06-16T05:41:12.442Z] [INFO][0m Selecting specific deal: Deal-Generic Bamboo Hat-xEwo
[32m[2026-06-16T05:41:13.609Z] [SUCCESS][0m Selected specific deal: Deal-Generic Bamboo Hat-xEwo
[36m[2026-06-16T05:41:15.884Z] [INFO][0m No products from deal — adding a product manually
[33m[2026-06-16T05:41:17.712Z] [WARN][0m Did not redirect to sales page
[33m[2026-06-16T05:41:21.208Z] [WARN][0m Session expired or invalid for role: restricted
[36m[2026-06-16T05:41:21.209Z] [INFO][0m Logging in as role: restricted
[36m[2026-06-16T05:41:21.281Z] [INFO][0m Navigation attempt 1 to: https://app-qa.sling-dev.com
[36m[2026-06-16T05:41:21.408Z] [INFO][0m Application responded successfully
[36m[2026-06-16T05:41:21.430Z] [INFO][0m Navigating to Tasks List
[36m[2026-06-16T05:41:21.615Z] [INFO][0m Navigating to: https://app-qa.sling-dev.com/sales/tasks/list
[35m[2026-06-16T05:41:23.495Z] [DEBUG][0m Tasks list is ready
[32m[2026-06-16T05:41:23.495Z] [SUCCESS][0m On Tasks List page
[36m[2026-06-16T05:41:23.495Z] [INFO][0m Creating quick task: "redefine blockchains Task"
[36m[2026-06-16T05:41:23.495Z] [INFO][0m Opening Quick Task form via dropdown
[36m[2026-06-16T05:41:23.495Z] [INFO][0m Clicking: add dropdown toggle
  ✘   48 [chromium] › tests/rbac/quotations.rbac.spec.ts:391:7 › Quotations — RBAC › @regression restricted user should not be able to find quotation owned by admin (retry #1) (39.9s)
◇ injected env (0) from .env // tip: ⌘ suppress logs { quiet: true }
[32m[2026-06-16T05:41:25.345Z] [SUCCESS][0m Quick Task form opened
[36m[2026-06-16T05:41:25.345Z] [INFO][0m Filling Quick Task form: "redefine blockchains Task"
[36m[2026-06-16T05:41:25.346Z] [INFO][0m Setting due date to Tomorrow
[36m[2026-06-16T05:41:25.346Z] [INFO][0m Clicking: calendar button
[36m[2026-06-16T05:41:25.375Z] [INFO][0m Existing storage state found for role: restricted
[36m[2026-06-16T05:41:25.580Z] [INFO][0m Validating existing session
[36m[2026-06-16T05:41:26.097Z] [INFO][0m DOM content loaded
[32m[2026-06-16T05:41:26.476Z] [SUCCESS][0m Due date set to Tomorrow
[36m[2026-06-16T05:41:26.779Z] [INFO][0m Setting Assigned To
[36m[2026-06-16T05:41:26.779Z] [INFO][0m Clicking: assigned to button
[36m[2026-06-16T05:41:26.997Z] [INFO][0m Login page loaded successfully
[36m[2026-06-16T05:41:26.997Z] [INFO][0m Entering user credentials
[36m[2026-06-16T05:41:27.200Z] [INFO][0m Waiting for login button
[36m[2026-06-16T05:41:27.219Z] [INFO][0m Clicking login button
[36m[2026-06-16T05:41:27.579Z] [INFO][0m Waiting for successful login redirect
[36m[2026-06-16T05:41:27.860Z] [INFO][0m Login successful for role: restricted
[32m[2026-06-16T05:41:27.966Z] [SUCCESS][0m Assigned To set: User 1
[36m[2026-06-16T05:41:28.001Z] [INFO][0m Storage state saved: /home/akash/kylas-playwright-framework/src/auth/storageStates/restricted.json
[36m[2026-06-16T05:41:28.269Z] [INFO][0m Setting priority: High
[36m[2026-06-16T05:41:28.355Z] [INFO][0m Creating authenticated browser context for role: restricted
[32m[2026-06-16T05:41:28.898Z] [SUCCESS][0m Priority set: High
[36m[2026-06-16T05:41:29.201Z] [INFO][0m Filling task description (becomes task name in list)
[32m[2026-06-16T05:41:29.292Z] [SUCCESS][0m Quick task form filled
[36m[2026-06-16T05:41:29.292Z] [INFO][0m Saving Quick Task
[36m[2026-06-16T05:41:29.294Z] [INFO][0m Clicking: Add Task button
[32m[2026-06-16T05:41:29.656Z] [SUCCESS][0m Captured task ID from POST response: 101340
[35m[2026-06-16T05:41:29.686Z] [DEBUG][0m Tasks list is ready
[32m[2026-06-16T05:41:29.686Z] [SUCCESS][0m Quick task saved (ID: 101340)
[36m[2026-06-16T05:41:29.686Z] [INFO][0m Verifying task via ID filter: 101340
[36m[2026-06-16T05:41:29.686Z] [INFO][0m Navigating to task by ID: 101340
[36m[2026-06-16T05:41:29.686Z] [INFO][0m Navigating to: https://app-qa.sling-dev.com/sales/tasks/list?id=101340
[35m[2026-06-16T05:41:30.576Z] [DEBUG][0m Tasks list is ready
[36m[2026-06-16T05:41:30.801Z] [INFO][0m Session validation URL: https://app-qa.sling-dev.com/sales/home
[36m[2026-06-16T05:41:31.076Z] [INFO][0m Session is still valid for role: restricted
[36m[2026-06-16T05:41:31.076Z] [INFO][0m Creating authenticated browser context for role: restricted
[32m[2026-06-16T05:41:31.101Z] [SUCCESS][0m Task ID 101340 confirmed via direct URL navigation
[32m[2026-06-16T05:41:31.110Z] [SUCCESS][0m Task ID 101340 confirmed in list
  ✓   51 [chromium] › tests/rbac/tasks.rbac.spec.ts:35:7 › Tasks RBAC › @regression restricted user can create a task via Quick Task form (20.8s)
[36m[2026-06-16T05:41:31.398Z] [INFO][0m Session cache hit for role: restricted (age: 49s) — skipping validation
[36m[2026-06-16T05:41:31.398Z] [INFO][0m Creating authenticated browser context for role: restricted
  ✘   46 [chromium] › tests/rbac/quotations.rbac.spec.ts:308:7 › Quotations — RBAC › @regression restricted user should see inaccessible entity chip on detail page (retry #1) (1.1m)
◇ injected env (0) from .env // tip: ⌘ suppress logs { quiet: true }
[36m[2026-06-16T05:41:38.352Z] [INFO][0m Creating quotation with owner "User 1": ADM1781588498348
[36m[2026-06-16T05:41:38.353Z] [INFO][0m Navigating to: https://app-qa.sling-dev.com/sales/quotations/list
[36m[2026-06-16T05:41:38.796Z] [INFO][0m Existing storage state found for role: restricted
[36m[2026-06-16T05:41:39.043Z] [INFO][0m Validating existing session
[36m[2026-06-16T05:41:40.382Z] [INFO][0m Navigating to Tasks List
[36m[2026-06-16T05:41:40.592Z] [INFO][0m Navigating to: https://app-qa.sling-dev.com/sales/tasks/list
[36m[2026-06-16T05:41:40.964Z] [INFO][0m Navigating to Tasks List
[36m[2026-06-16T05:41:41.333Z] [INFO][0m Navigating to: https://app-qa.sling-dev.com/sales/tasks/list
